Archive member included because of file (symbol)

c:/program files (x86)/gnu tools arm embedded/4.9 2015q1/bin/../lib/gcc/arm-none-eabi/4.9.3/armv6-m\libgcc.a(_thumb1_case_uqi.o)
                              ..\obj\TheveninMethod.o (__gnu_thumb1_case_uqi)
c:/program files (x86)/gnu tools arm embedded/4.9 2015q1/bin/../lib/gcc/arm-none-eabi/4.9.3/armv6-m\libgcc.a(_udivsi3.o)
                              ..\obj\SerialLog.o (__aeabi_uidiv)
c:/program files (x86)/gnu tools arm embedded/4.9 2015q1/bin/../lib/gcc/arm-none-eabi/4.9.3/armv6-m\libgcc.a(_divsi3.o)
                              ..\obj\Balancer.o (__aeabi_idiv)
c:/program files (x86)/gnu tools arm embedded/4.9 2015q1/bin/../lib/gcc/arm-none-eabi/4.9.3/armv6-m\libgcc.a(_dvmd_tls.o)
                              c:/program files (x86)/gnu tools arm embedded/4.9 2015q1/bin/../lib/gcc/arm-none-eabi/4.9.3/armv6-m\libgcc.a(_udivsi3.o) (__aeabi_idiv0)
c:/program files (x86)/gnu tools arm embedded/4.9 2015q1/bin/../lib/gcc/arm-none-eabi/4.9.3/../../../../arm-none-eabi/lib/armv6-m\libg.a(lib_a-exit.o)
                              c:/program files (x86)/gnu tools arm embedded/4.9 2015q1/bin/../lib/gcc/arm-none-eabi/4.9.3/../../../../arm-none-eabi/lib/armv6-m/crt0.o (exit)
c:/program files (x86)/gnu tools arm embedded/4.9 2015q1/bin/../lib/gcc/arm-none-eabi/4.9.3/../../../../arm-none-eabi/lib/armv6-m\libg.a(lib_a-impure.o)
                              c:/program files (x86)/gnu tools arm embedded/4.9 2015q1/bin/../lib/gcc/arm-none-eabi/4.9.3/../../../../arm-none-eabi/lib/armv6-m\libg.a(lib_a-exit.o) (_global_impure_ptr)
c:/program files (x86)/gnu tools arm embedded/4.9 2015q1/bin/../lib/gcc/arm-none-eabi/4.9.3/../../../../arm-none-eabi/lib/armv6-m\libg.a(lib_a-init.o)
                              c:/program files (x86)/gnu tools arm embedded/4.9 2015q1/bin/../lib/gcc/arm-none-eabi/4.9.3/../../../../arm-none-eabi/lib/armv6-m/crt0.o (__libc_init_array)
c:/program files (x86)/gnu tools arm embedded/4.9 2015q1/bin/../lib/gcc/arm-none-eabi/4.9.3/../../../../arm-none-eabi/lib/armv6-m\libg.a(lib_a-memcpy.o)
                              ..\obj\Strategy.o (memcpy)
c:/program files (x86)/gnu tools arm embedded/4.9 2015q1/bin/../lib/gcc/arm-none-eabi/4.9.3/../../../../arm-none-eabi/lib/armv6-m\libg.a(lib_a-memset.o)
                              c:/program files (x86)/gnu tools arm embedded/4.9 2015q1/bin/../lib/gcc/arm-none-eabi/4.9.3/../../../../arm-none-eabi/lib/armv6-m/crt0.o (memset)
c:/program files (x86)/gnu tools arm embedded/4.9 2015q1/bin/../lib/gcc/arm-none-eabi/4.9.3/../../../../arm-none-eabi/lib/armv6-m\libg.a(lib_a-strlen.o)
                              ..\obj\LiquidCrystal.o (strlen)
c:/program files (x86)/gnu tools arm embedded/4.9 2015q1/bin/../lib/gcc/arm-none-eabi/4.9.3/../../../../arm-none-eabi/lib/armv6-m\libg.a(lib_a-__call_atexit.o)
                              c:/program files (x86)/gnu tools arm embedded/4.9 2015q1/bin/../lib/gcc/arm-none-eabi/4.9.3/../../../../arm-none-eabi/lib/armv6-m\libg.a(lib_a-exit.o) (__call_exitprocs)
c:/program files (x86)/gnu tools arm embedded/4.9 2015q1/bin/../lib/gcc/arm-none-eabi/4.9.3/../../../../arm-none-eabi/lib/armv6-m\libg.a(lib_a-atexit.o)
                              c:/program files (x86)/gnu tools arm embedded/4.9 2015q1/bin/../lib/gcc/arm-none-eabi/4.9.3/../../../../arm-none-eabi/lib/armv6-m\libg.a(lib_a-__call_atexit.o) (atexit)
c:/program files (x86)/gnu tools arm embedded/4.9 2015q1/bin/../lib/gcc/arm-none-eabi/4.9.3/../../../../arm-none-eabi/lib/armv6-m\libg.a(lib_a-fini.o)
                              c:/program files (x86)/gnu tools arm embedded/4.9 2015q1/bin/../lib/gcc/arm-none-eabi/4.9.3/../../../../arm-none-eabi/lib/armv6-m\libg.a(lib_a-__call_atexit.o) (__libc_fini_array)
c:/program files (x86)/gnu tools arm embedded/4.9 2015q1/bin/../lib/gcc/arm-none-eabi/4.9.3/../../../../arm-none-eabi/lib/armv6-m\libg.a(lib_a-__atexit.o)
                              c:/program files (x86)/gnu tools arm embedded/4.9 2015q1/bin/../lib/gcc/arm-none-eabi/4.9.3/../../../../arm-none-eabi/lib/armv6-m\libg.a(lib_a-atexit.o) (__register_exitproc)

Discarded input sections

 .text          0x00000000        0x0 c:/program files (x86)/gnu tools arm embedded/4.9 2015q1/bin/../lib/gcc/arm-none-eabi/4.9.3/armv6-m/crti.o
 .data          0x00000000        0x0 c:/program files (x86)/gnu tools arm embedded/4.9 2015q1/bin/../lib/gcc/arm-none-eabi/4.9.3/armv6-m/crti.o
 .bss           0x00000000        0x0 c:/program files (x86)/gnu tools arm embedded/4.9 2015q1/bin/../lib/gcc/arm-none-eabi/4.9.3/armv6-m/crti.o
 .data          0x00000000        0x4 c:/program files (x86)/gnu tools arm embedded/4.9 2015q1/bin/../lib/gcc/arm-none-eabi/4.9.3/armv6-m/crtbegin.o
 .data          0x00000000        0x0 c:/program files (x86)/gnu tools arm embedded/4.9 2015q1/bin/../lib/gcc/arm-none-eabi/4.9.3/../../../../arm-none-eabi/lib/armv6-m/crt0.o
[...]
Memory Configuration

Name             Origin             Length             Attributes
rom              0x00000000         0x00010000         xr
rom1             0x0001f000         0x00020000         xr
ram              0x20000000         0x00001000         xrw
*default*        0x00000000         0xffffffff

Linker script and memory map

LOAD c:/program files (x86)/gnu tools arm embedded/4.9 2015q1/bin/../lib/gcc/arm-none-eabi/4.9.3/armv6-m/crti.o
LOAD c:/program files (x86)/gnu tools arm embedded/4.9 2015q1/bin/../lib/gcc/arm-none-eabi/4.9.3/armv6-m/crtbegin.o
LOAD c:/program files (x86)/gnu tools arm embedded/4.9 2015q1/bin/../lib/gcc/arm-none-eabi/4.9.3/../../../../arm-none-eabi/lib/armv6-m/crt0.o
                0x20001000                _eram = 0x20001000

.data_flash     0x0001f000      0x3e0
 *(.data_flash*)
 .data_flash    0x0001f000      0x3e0 ..\obj\eeprom.o
                0x0001f000                eeprom::data

.text           0x00000000     0x80ac
 *(.isr_vector)
 .isr_vector    0x00000000       0xc0 ..\obj\startup_NUC029xAN.o
                0x00000000                g_pfnVectors
 *(.text*)
 .text          0x000000c0       0x60 c:/program files (x86)/gnu tools arm embedded/4.9 2015q1/bin/../lib/gcc/arm-none-eabi/4.9.3/armv6-m/crtbegin.o
 .text          0x00000120       0x78 c:/program files (x86)/gnu tools arm embedded/4.9 2015q1/bin/../lib/gcc/arm-none-eabi/4.9.3/../../../../arm-none-eabi/lib/armv6-m/crt0.o
                0x00000120                _start
                0x00000120                _mainCRTStartup
 .text._ZN6Screen9StartInfo18printProgram2charsEN7Program11ProgramTypeE
                0x00000198       0x1c ..\obj\ScreenStartInfo.o
                0x00000198                Screen::StartInfo::printProgram2chars(Program::ProgramType)
 .text._ZN6Screen9StartInfo18printVoltageStringEa
                0x000001b4       0x68 ..\obj\ScreenStartInfo.o
                0x000001b4                Screen::StartInfo::printVoltageString(signed char)
 .text._ZN6Screen9StartInfo18printBatteryStringEv
                0x0000021c       0x18 ..\obj\ScreenStartInfo.o
                0x0000021c                Screen::StartInfo::printBatteryString()
 .text._ZN6Screen9StartInfo16displayStartInfoEv
                0x00000234       0xd8 ..\obj\ScreenStartInfo.o
                0x00000234                Screen::StartInfo::displayStartInfo()
 .text._ZN25TheveninDischargeStrategy8powerOffEv
                0x0000030c        0xc ..\obj\TheveninDischargeStrategy.o
                0x0000030c                TheveninDischargeStrategy::powerOff()
 .text._ZN25TheveninDischargeStrategy7powerOnEv
                0x00000318       0x2c ..\obj\TheveninDischargeStrategy.o
                0x00000318                TheveninDischargeStrategy::powerOn()
 .text._ZN25TheveninDischargeStrategy9isEndVoutEv
                0x00000344       0x30 ..\obj\TheveninDischargeStrategy.o
                0x00000344                TheveninDischargeStrategy::isEndVout()
 .text._ZN25TheveninDischargeStrategy10doStrategyEv
                0x00000374       0x3c ..\obj\TheveninDischargeStrategy.o
                0x00000374                TheveninDischargeStrategy::doStrategy()
 .text._ZN5Utils5DelayEm
                0x000003b0        0xe ..\obj\UtilsD.o
                0x000003b0                Utils::Delay(unsigned long)
 *fill*         0x000003be        0x2 
 .text._ZN5Utils17delayMicrosecondsEt
                0x000003c0       0x14 ..\obj\UtilsD.o
                0x000003c0                Utils::delayMicroseconds(unsigned short)
 .text._Z12LogDebug_runv
                0x000003d4        0x2 ..\obj\SerialLog.o
                0x000003d4                LogDebug_run()
 *fill*         0x000003d6        0x2 
 .text._ZN9SerialLog11serialBeginEv
                0x000003d8       0x14 ..\obj\SerialLog.o
                0x000003d8                SerialLog::serialBegin()
 .text._ZN9SerialLog9serialEndEv
                0x000003ec       0x18 ..\obj\SerialLog.o
                0x000003ec                SerialLog::serialEnd()
 .text._ZN9SerialLog9printCharEc
                0x00000404       0x1c ..\obj\SerialLog.o
                0x00000404                SerialLog::printChar(char)
 .text._ZN9SerialLog7powerOnEv
                0x00000420       0x24 ..\obj\SerialLog.o
                0x00000420                SerialLog::powerOn()
 .text._ZN9SerialLog8powerOffEv
                0x00000444       0x18 ..\obj\SerialLog.o
                0x00000444                SerialLog::powerOff()
 .text._ZN9SerialLog5flushEv
                0x0000045c       0x1c ..\obj\SerialLog.o
                0x0000045c                SerialLog::flush()
 .text._ZN9SerialLog6printDEv
                0x00000478        0xa ..\obj\SerialLog.o
                0x00000478                SerialLog::printD()
 .text._ZN9SerialLog11printStringEPKc
                0x00000482       0x14 ..\obj\SerialLog.o
                0x00000482                SerialLog::printString(char const*)
 .text._ZN9SerialLog9printLongEl
                0x00000496       0x12 ..\obj\SerialLog.o
                0x00000496                SerialLog::printLong(long)
 .text._ZN9SerialLog10sendHeaderEt
                0x000004a8       0x60 ..\obj\SerialLog.o
                0x000004a8                SerialLog::sendHeader(unsigned short)
 .text._ZN9SerialLog7printNLEv
                0x00000508       0x10 ..\obj\SerialLog.o
                0x00000508                SerialLog::printNL()
 .text._ZN9SerialLog7sendEndEv
                0x00000518       0x14 ..\obj\SerialLog.o
                0x00000518                SerialLog::sendEnd()
 .text._ZN9SerialLog12sendChannel1Ev
                0x0000052c       0x74 ..\obj\SerialLog.o
                0x0000052c                SerialLog::sendChannel1()
 .text._ZN9SerialLog12sendChannel2Eb
                0x000005a0       0x50 ..\obj\SerialLog.o
                0x000005a0                SerialLog::sendChannel2(bool)
 .text._ZN9SerialLog12sendChannel3Ev
                0x000005f0       0x26 ..\obj\SerialLog.o
                0x000005f0                SerialLog::sendChannel3()
 *fill*         0x00000616        0x2 
 .text._ZN9SerialLog8sendTimeEv
                0x00000618       0x2c ..\obj\SerialLog.o
                0x00000618                SerialLog::sendTime()
 .text._ZN9SerialLog4sendEv
                0x00000644       0x30 ..\obj\SerialLog.o
                0x00000644                SerialLog::send()
 .text._ZN9SerialLog6doIdleEv
                0x00000674       0x2c ..\obj\SerialLog.o
                0x00000674                SerialLog::doIdle()
 .text._ZN7Monitor10getTimeSecEv
                0x000006a0       0x1c ..\obj\Monitor.o
                0x000006a0                Monitor::getTimeSec()
 .text._ZN7Monitor22getTotalBalanceTimeSecEv
                0x000006bc       0x14 ..\obj\Monitor.o
                0x000006bc                Monitor::getTotalBalanceTimeSec()
 .text._ZN7Monitor30getTotalChargeDischargeTimeSecEv
                0x000006d0       0x14 ..\obj\Monitor.o
                0x000006d0                Monitor::getTotalChargeDischargeTimeSec()
 .text._ZN7Monitor16getChargeProcentEv
                0x000006e4       0x4a ..\obj\Monitor.o
                0x000006e4                Monitor::getChargeProcent()
 *fill*         0x0000072e        0x2 
 .text._ZN7Monitor28calculateDeltaProcentTimeSecEv
                0x00000730       0x2c ..\obj\Monitor.o
                0x00000730                Monitor::calculateDeltaProcentTimeSec()
 .text._ZN7Monitor10getETATimeEv
                0x0000075c       0x20 ..\obj\Monitor.o
                0x0000075c                Monitor::getETATime()
 .text._ZN7Monitor6doIdleEv
                0x0000077c        0x2 ..\obj\Monitor.o
                0x0000077c                Monitor::doIdle()
 *fill*         0x0000077e        0x2 
 .text._ZN7Monitor28resetAccumulatedMeasurementsEv
                0x00000780       0x1c ..\obj\Monitor.o
                0x00000780                Monitor::resetAccumulatedMeasurements()
 .text._ZN7Monitor7powerOnEv
                0x0000079c       0x74 ..\obj\Monitor.o
                0x0000079c                Monitor::powerOn()
 .text._ZN7Monitor8powerOffEv
                0x00000810       0x14 ..\obj\Monitor.o
                0x00000810                Monitor::powerOff()
 .text._ZN7Monitor15doSlowInterruptEv
                0x00000824       0x34 ..\obj\Monitor.o
                0x00000824                Monitor::doSlowInterrupt()
 .text._ZN7Monitor3runEv
                0x00000858      0x124 ..\obj\Monitor.o
                0x00000858                Monitor::run()
 .text._ZN9StackInfo10initializeEv
                0x0000097c       0x1c ..\obj\StackInfo.o
                0x0000097c                StackInfo::initialize()
 .text._ZN9StackInfo16getFreeStackSizeEv
                0x00000998       0x14 ..\obj\StackInfo.o
                0x00000998                StackInfo::getFreeStackSize()
 .text._ZN9StackInfo21getNeverUsedStackSizeEv
                0x000009ac       0x24 ..\obj\StackInfo.o
                0x000009ac                StackInfo::getNeverUsedStackSize()
 .text._ZN13LiquidCrystal11pulseEnableEv
                0x000009d0       0x30 ..\obj\LiquidCrystal.o
                0x000009d0                LiquidCrystal::pulseEnable()
 .text._ZN13LiquidCrystal10write4bitsEh
                0x00000a00       0x4c ..\obj\LiquidCrystal.o
                0x00000a00                LiquidCrystal::write4bits(unsigned char)
 .text._ZN13LiquidCrystal4sendEhh
                0x00000a4c       0x24 ..\obj\LiquidCrystal.o
                0x00000a4c                LiquidCrystal::send(unsigned char, unsigned char)
 .text._ZN13LiquidCrystal7commandEh
                0x00000a70        0xa ..\obj\LiquidCrystal.o
                0x00000a70                LiquidCrystal::command(unsigned char)
 .text._ZN13LiquidCrystal5clearEv
                0x00000a7a       0x12 ..\obj\LiquidCrystal.o
                0x00000a7a                LiquidCrystal::clear()
 .text._ZN13LiquidCrystal9setCursorEhh
                0x00000a8c       0x3c ..\obj\LiquidCrystal.o
                0x00000a8c                LiquidCrystal::setCursor(unsigned char, unsigned char)
 .text._ZN13LiquidCrystal7displayEv
                0x00000ac8       0x1c ..\obj\LiquidCrystal.o
                0x00000ac8                LiquidCrystal::display()
 .text._ZN13LiquidCrystal10createCharEhPh
                0x00000ae4       0x26 ..\obj\LiquidCrystal.o
                0x00000ae4                LiquidCrystal::createChar(unsigned char, unsigned char*)
 *fill*         0x00000b0a        0x2 
 .text._ZN13LiquidCrystal5beginEhhh
                0x00000b0c       0xd0 ..\obj\LiquidCrystal.o
                0x00000b0c                LiquidCrystal::begin(unsigned char, unsigned char, unsigned char)
 .text._ZN13LiquidCrystal4initEv
                0x00000bdc       0x30 ..\obj\LiquidCrystal.o
                0x00000bdc                LiquidCrystal::init()
 .text._ZN13LiquidCrystal5printEc
                0x00000c0c        0xc ..\obj\LiquidCrystal.o
                0x00000c0c                LiquidCrystal::print(char)
 .text._ZN8Strategy5setVIEN11ProgramData11VoltageTypeEb
                0x00000c18       0x40 ..\obj\Strategy.o
                0x00000c18                Strategy::setVI(ProgramData::VoltageType, bool)
 .text._ZN8Strategy15strategyPowerOnEv
                0x00000c58       0x10 ..\obj\Strategy.o
                0x00000c58                Strategy::strategyPowerOn()
 .text._ZN8Strategy16strategyPowerOffEv
                0x00000c68       0x14 ..\obj\Strategy.o
                0x00000c68                Strategy::strategyPowerOff()
 .text._ZN8Strategy11chargingEndEv
                0x00000c7c       0x10 ..\obj\Strategy.o
                0x00000c7c                Strategy::chargingEnd()
 .text._ZN8Strategy25waitButtonOrDisableOutputEv
                0x00000c8c       0x26 ..\obj\Strategy.o
                0x00000c8c                Strategy::waitButtonOrDisableOutput()
 .text._ZN8Strategy16chargingCompleteEv
                0x00000cb2       0x16 ..\obj\Strategy.o
                0x00000cb2                Strategy::chargingComplete()
 .text._ZN8Strategy20chargingMonitorErrorEv
                0x00000cc8       0x1a ..\obj\Strategy.o
                0x00000cc8                Strategy::chargingMonitorError()
 *fill*         0x00000ce2        0x2 
 .text._ZN8Strategy18strategyDoStrategyEv
                0x00000ce4       0x1c ..\obj\Strategy.o
                0x00000ce4                Strategy::strategyDoStrategy()
 .text._ZN8Strategy21analizeStrategyStatusENS_10statusTypeE
                0x00000d00       0x2c ..\obj\Strategy.o
                0x00000d00                Strategy::analizeStrategyStatus(Strategy::statusType)
 .text._ZN8Strategy10doStrategyEv
                0x00000d2c       0x74 ..\obj\Strategy.o
                0x00000d2c                Strategy::doStrategy()
 .text._ZN22TheveninChargeStrategy7powerOnEv
                0x00000da0       0x12 ..\obj\TheveninChargeStrategy.o
                0x00000da0                TheveninChargeStrategy::powerOn()
 .text._ZN22TheveninChargeStrategy8powerOffEv
                0x00000db2        0xc ..\obj\TheveninChargeStrategy.o
                0x00000db2                TheveninChargeStrategy::powerOff()
 *fill*         0x00000dbe        0x2 
 .text._ZN22TheveninChargeStrategy9isEndVoutEv
                0x00000dc0       0x30 ..\obj\TheveninChargeStrategy.o
                0x00000dc0                TheveninChargeStrategy::isEndVout()
 .text._ZN22TheveninChargeStrategy10doStrategyEv
                0x00000df0       0x2e ..\obj\TheveninChargeStrategy.o
                0x00000df0                TheveninChargeStrategy::doStrategy()
 *fill*         0x00000e1e        0x2 
 .text._ZN14ProgramDCcycle13runDCRestTimeEv
                0x00000e20       0x28 ..\obj\ProgramDCcycle.o
                0x00000e20                ProgramDCcycle::runDCRestTime()
 .text._ZN14ProgramDCcycle10runDCcycleEhh
                0x00000e48       0x4c ..\obj\ProgramDCcycle.o
                0x00000e48                ProgramDCcycle::runDCcycle(unsigned char, unsigned char)
 .text.TIMER_GetModuleClock
                0x00000e94       0x6c ..\obj\timer.o
                0x00000e94                TIMER_GetModuleClock
 .text.TIMER_Open
                0x00000f00       0x3c ..\obj\timer.o
                0x00000f00                TIMER_Open
 .text._ZN19DeltaChargeStrategy7powerOnEv
                0x00000f3c        0x8 ..\obj\DeltaChargeStrategy.o
                0x00000f3c                DeltaChargeStrategy::powerOn()
 .text._ZN19DeltaChargeStrategy10doStrategyEv
                0x00000f44       0xc8 ..\obj\DeltaChargeStrategy.o
                0x00000f44                DeltaChargeStrategy::doStrategy()
 .text._ZN12AnalogInputs5evalIEtt
                0x0000100c       0x24 ..\obj\AnalogInputsTypes.o
                0x0000100c                AnalogInputs::evalI(unsigned short, unsigned short)
 .text._exit    0x00001030        0x2 ..\obj\other.o
                0x00001030                _exit
 *fill*         0x00001032        0x2 
 .text._ZN15ProgramDataMenu13changeVoltageEi
                0x00001034       0x1c ..\obj\ProgramDataMenu.o
                0x00001034                ProgramDataMenu::changeVoltage(int)
 .text._ZN15ProgramDataMenu11getSelectorEv
                0x00001050       0x7c ..\obj\ProgramDataMenu.o
                0x00001050                ProgramDataMenu::getSelector()
 .text._ZN15ProgramDataMenu12editCallbackEPt
                0x000010cc       0x50 ..\obj\ProgramDataMenu.o
                0x000010cc                ProgramDataMenu::editCallback(unsigned short*)
 .text._ZN15ProgramDataMenu3runEv
                0x0000111c       0x5c ..\obj\ProgramDataMenu.o
                0x0000111c                ProgramDataMenu::run()
 .text.PWM_ConfigOutputChannel
                0x00001178      0x178 ..\obj\pwm.o
                0x00001178                PWM_ConfigOutputChannel
 .text.PWM_Start
                0x000012f0       0x2a ..\obj\pwm.o
                0x000012f0                PWM_Start
 .text.PWM_EnableOutput
                0x0000131a        0x8 ..\obj\pwm.o
                0x0000131a                PWM_EnableOutput
 .text.PWM_ClearPeriodIntFlag
                0x00001322        0x8 ..\obj\pwm.o
                0x00001322                PWM_ClearPeriodIntFlag
 *fill*         0x0000132a        0x2 
 .text._ZN12ProgramMenus9printItemEh
                0x0000132c       0x18 ..\obj\ProgramMenus.o
                0x0000132c                ProgramMenus::printItem(unsigned char)
 .text._ZN12ProgramMenus13selectProgramEh
                0x00001344       0xa0 ..\obj\ProgramMenus.o
                0x00001344                ProgramMenus::selectProgram(unsigned char)
 .text._ZN10Discharger9isPowerOnEv
                0x000013e4        0xc ..\obj\Discharger.o
                0x000013e4                Discharger::isPowerOn()
 .text._ZN10Discharger9isWorkingEv
                0x000013f0       0x10 ..\obj\Discharger.o
                0x000013f0                Discharger::isWorking()
 .text._ZN10Discharger8getValueEv
                0x00001400        0xc ..\obj\Discharger.o
                0x00001400                Discharger::getValue()
 .text._ZN10Discharger7getIoutEv
                0x0000140c        0xc ..\obj\Discharger.o
                0x0000140c                Discharger::getIout()
 .text._ZN10Discharger10getMaxIoutEv
                0x00001418       0x48 ..\obj\Discharger.o
                0x00001418                Discharger::getMaxIout()
 .text._ZN10Discharger8setValueEt
                0x00001460       0x24 ..\obj\Discharger.o
                0x00001460                Discharger::setValue(unsigned short)
 .text._ZN10Discharger10trySetIoutEt
                0x00001484       0x2c ..\obj\Discharger.o
                0x00001484                Discharger::trySetIout(unsigned short)
 .text._ZN10Discharger7powerOnEv
                0x000014b0       0x24 ..\obj\Discharger.o
                0x000014b0                Discharger::powerOn()
 .text._ZN10Discharger8powerOffEv
                0x000014d4       0x24 ..\obj\Discharger.o
                0x000014d4                Discharger::powerOff()
 .text._ZN10Discharger10initializeEv
                0x000014f8       0x14 ..\obj\Discharger.o
                0x000014f8                Discharger::initialize()
 .text._ZN11OptionsMenu12resetDefaultEv
                0x0000150c        0x8 ..\obj\OptionsMenu.o
                0x0000150c                OptionsMenu::resetDefault()
 .text._ZN11OptionsMenu3runEv
                0x00001514       0x10 ..\obj\OptionsMenu.o
                0x00001514                OptionsMenu::run()
 .text.SystemCoreClockUpdate
                0x00001524       0x98 ..\obj\system_NUC029xAN.o
                0x00001524                SystemCoreClockUpdate
 .text.SystemInit
                0x000015bc        0x2 ..\obj\system_NUC029xAN.o
                0x000015bc                SystemInit
 *fill*         0x000015be        0x2 
 .text._ZN6Screen8Editable14getKeyboardDirEv
                0x000015c0       0x18 ..\obj\ScreenEditable.o
                0x000015c0                Screen::Editable::getKeyboardDir()
 .text._ZN6Screen8Editable16displayLEDScreenEv
                0x000015d8       0x74 ..\obj\ScreenEditable.o
                0x000015d8                Screen::Editable::displayLEDScreen()
 .text._ZN11CalibrationL21printCurrentPointItemEh
                0x0000164c       0x20 ..\obj\CurrentCalibrationMenus.o
 .text._ZN11CalibrationL12printCurrentEa
                0x0000166c       0x20 ..\obj\CurrentCalibrationMenus.o
 .text._ZN11CalibrationL15setCurrentValueEt
                0x0000168c       0x1c ..\obj\CurrentCalibrationMenus.o
 .text._ZN11CalibrationL27currentCalibrationPointMenuEv
                0x000016a8      0x134 ..\obj\CurrentCalibrationMenus.o
 .text._ZN11CalibrationL12editCallbackEPt
                0x000017dc       0x74 ..\obj\CurrentCalibrationMenus.o
 .text._ZN11Calibration24chargeCurrentCalibrationEv
                0x00001850       0x18 ..\obj\CurrentCalibrationMenus.o
                0x00001850                Calibration::chargeCurrentCalibration()
 .text._ZN11Calibration27dischargeCurrentCalibrationEv
                0x00001868       0x18 ..\obj\CurrentCalibrationMenus.o
                0x00001868                Calibration::dischargeCurrentCalibration()
 .text._ZN6eeprom15write_impl_lessEPhPKhi
                0x00001880       0xa8 ..\obj\memory.o
                0x00001880                eeprom::write_impl_less(unsigned char*, unsigned char const*, int)
 .text._ZN6eeprom10write_implEPhPKhi
                0x00001928       0x7c ..\obj\memory.o
                0x00001928                eeprom::write_impl(unsigned char*, unsigned char const*, int)
 .text.SYS_ResetModule
                0x000019a4       0x24 ..\obj\sys.o
                0x000019a4                SYS_ResetModule
 .text._ZN8MainMenu9printItemEh
                0x000019c8       0x1c ..\obj\MainMenu.o
                0x000019c8                MainMenu::printItem(unsigned char)
 .text._ZN8MainMenu3runEv
                0x000019e4       0x40 ..\obj\MainMenu.o
                0x000019e4                MainMenu::run()
 .text.setup    0x00001a24       0x34 ..\obj\ChealiCharger2.o
                0x00001a24                setup
 .text.startup.main
                0x00001a58       0x12 ..\obj\ChealiCharger2.o
                0x00001a58                main
 *fill*         0x00001a6a        0x2 
 .text._ZN8Keyboard7getLastEv
                0x00001a6c        0xc ..\obj\Keyboard.o
                0x00001a6c                Keyboard::getLast()
 .text._ZN8Keyboard14getSpeedFactorEv
                0x00001a78       0x14 ..\obj\Keyboard.o
                0x00001a78                Keyboard::getSpeedFactor()
 .text._ZN8Keyboard19getPressedWithDelayEv
                0x00001a8c       0x88 ..\obj\Keyboard.o
                0x00001a8c                Keyboard::getPressedWithDelay()
 .text._ZN9outputPWM6setCMREv
                0x00001b14       0x70 ..\obj\outputPWM.o
                0x00001b14                outputPWM::setCMR()
 .text._ZN9outputPWM10initializeEv
                0x00001b84       0xf8 ..\obj\outputPWM.o
                0x00001b84                outputPWM::initialize()
 .text._ZN9outputPWM6setPWMEhm
                0x00001c7c       0x98 ..\obj\outputPWM.o
                0x00001c7c                outputPWM::setPWM(unsigned char, unsigned long)
 .text._ZN9outputPWM10disablePWMEh
                0x00001d14       0x4c ..\obj\outputPWM.o
                0x00001d14                outputPWM::disablePWM(unsigned char)
 .text.PWMA_IRQHandler
                0x00001d60       0x14 ..\obj\outputPWM.o
                0x00001d60                PWMA_IRQHandler
 .text._ZN20SimpleChargeStrategy7powerOnEv
                0x00001d74       0x1c ..\obj\SimpleChargeStrategy.o
                0x00001d74                SimpleChargeStrategy::powerOn()
 .text._ZN20SimpleChargeStrategy8powerOffEv
                0x00001d90        0x8 ..\obj\SimpleChargeStrategy.o
                0x00001d90                SimpleChargeStrategy::powerOff()
 .text._ZN20SimpleChargeStrategy17calculateTheveninEv
                0x00001d98       0x14 ..\obj\SimpleChargeStrategy.o
                0x00001d98                SimpleChargeStrategy::calculateThevenin()
 .text._ZN20SimpleChargeStrategy10doStrategyEv
                0x00001dac       0x38 ..\obj\SimpleChargeStrategy.o
                0x00001dac                SimpleChargeStrategy::doStrategy()
 .text._ZN15StorageStrategy8powerOffEv
                0x00001de4       0x10 ..\obj\StorageStrategy.o
                0x00001de4                StorageStrategy::powerOff()
 .text._ZN15StorageStrategy10doStrategyEv
                0x00001df4       0x50 ..\obj\StorageStrategy.o
                0x00001df4                StorageStrategy::doStrategy()
 .text._ZN15StorageStrategy7powerOnEv
                0x00001e44       0x60 ..\obj\StorageStrategy.o
                0x00001e44                StorageStrategy::powerOn()
 .text._ZN8Balancer9isWorkingEv
                0x00001ea4       0x2c ..\obj\Balancer.o
                0x00001ea4                Balancer::isWorking()
 .text._ZN8Balancer4getVEh
                0x00001ed0        0xc ..\obj\Balancer.o
                0x00001ed0                Balancer::getV(unsigned char)
 .text._ZN8Balancer11getCellMinVEv
                0x00001edc       0x34 ..\obj\Balancer.o
                0x00001edc                Balancer::getCellMinV()
 .text._ZN8Balancer12getPresumedVEh
                0x00001f10       0x34 ..\obj\Balancer.o
                0x00001f10                Balancer::getPresumedV(unsigned char)
 .text._ZN8Balancer21isCalibrationRequiredEv
                0x00001f44       0x5c ..\obj\Balancer.o
                0x00001f44                Balancer::isCalibrationRequired()
 .text._ZN8Balancer10setBalanceEt
                0x00001fa0       0x30 ..\obj\Balancer.o
                0x00001fa0                Balancer::setBalance(unsigned short)
 .text._ZN8Balancer7powerOnEv
                0x00001fd0       0x3c ..\obj\Balancer.o
                0x00001fd0                Balancer::powerOn()
 .text._ZN8Balancer12endBalancingEv
                0x0000200c       0x14 ..\obj\Balancer.o
                0x0000200c                Balancer::endBalancing()
 .text._ZN8Balancer8powerOffEv
                0x00002020        0xe ..\obj\Balancer.o
                0x00002020                Balancer::powerOff()
 *fill*         0x0000202e        0x2 
 .text._ZN8Balancer16calculateBalanceEv
                0x00002030       0x48 ..\obj\Balancer.o
                0x00002030                Balancer::calculateBalance()
 .text._ZN8Balancer8isStableEt
                0x00002078       0x30 ..\obj\Balancer.o
                0x00002078                Balancer::isStable(unsigned short)
 .text._ZN8Balancer13startBalacingEv
                0x000020a8       0xa0 ..\obj\Balancer.o
                0x000020a8                Balancer::startBalacing()
 .text._ZN8Balancer10trySaveVonEv
                0x00002148       0x28 ..\obj\Balancer.o
                0x00002148                Balancer::trySaveVon()
 .text._ZN8Balancer14getBalanceTimeEv
                0x00002170       0x14 ..\obj\Balancer.o
                0x00002170                Balancer::getBalanceTime()
 .text._ZN8Balancer10doStrategyEv
                0x00002184       0x40 ..\obj\Balancer.o
                0x00002184                Balancer::doStrategy()
 .text._ZN8Balancer9isMaxVoutEt
                0x000021c4       0x30 ..\obj\Balancer.o
                0x000021c4                Balancer::isMaxVout(unsigned short)
 .text._ZN8Balancer9isMinVoutEt
                0x000021f4       0x30 ..\obj\Balancer.o
                0x000021f4                Balancer::isMinVout(unsigned short)
 .text._ZN8Balancer16calculatePerCellEt
                0x00002224       0x1a ..\obj\Balancer.o
                0x00002224                Balancer::calculatePerCell(unsigned short)
 *fill*         0x0000223e        0x2 
 .text._ZN4Menu11printStaticEh
                0x00002240       0x20 ..\obj\Menu.o
                0x00002240                Menu::printStatic(unsigned char)
 .text._ZN4Menu10initializeEh
                0x00002260       0x18 ..\obj\Menu.o
                0x00002260                Menu::initialize(unsigned char)
 .text._ZN4Menu19countStaticElementsEv
                0x00002278       0x28 ..\obj\Menu.o
                0x00002278                Menu::countStaticElements()
 .text._ZN4Menu8incIndexEv
                0x000022a0       0x10 ..\obj\Menu.o
                0x000022a0                Menu::incIndex()
 .text._ZN4Menu8decIndexEv
                0x000022b0       0x14 ..\obj\Menu.o
                0x000022b0                Menu::decIndex()
 .text._ZN4Menu10checkBeginEv
                0x000022c4       0x2c ..\obj\Menu.o
                0x000022c4                Menu::checkBegin()
 .text._ZN4Menu7displayEv
                0x000022f0       0x4c ..\obj\Menu.o
                0x000022f0                Menu::display()
 .text._ZN4Menu4run_Ev
                0x0000233c       0x44 ..\obj\Menu.o
                0x0000233c                Menu::run_()
 .text._ZN4Menu3runEb
                0x00002380       0x40 ..\obj\Menu.o
                0x00002380                Menu::run(bool)
 .text._ZN4Menu9runStaticEPKNS_10StaticMenuE
                0x000023c0       0x3c ..\obj\Menu.o
                0x000023c0                Menu::runStatic(Menu::StaticMenu const*)
 .text._ZN4Menu7runEditEv
                0x000023fc       0x80 ..\obj\Menu.o
                0x000023fc                Menu::runEdit()
 .text._ZN4SMPS9isPowerOnEv
                0x0000247c        0xc ..\obj\SMPS.o
                0x0000247c                SMPS::isPowerOn()
 .text._ZN4SMPS9isWorkingEv
                0x00002488       0x10 ..\obj\SMPS.o
                0x00002488                SMPS::isWorking()
 .text._ZN4SMPS8getValueEv
                0x00002498        0xc ..\obj\SMPS.o
                0x00002498                SMPS::getValue()
 .text._ZN4SMPS7getIoutEv
                0x000024a4        0xc ..\obj\SMPS.o
                0x000024a4                SMPS::getIout()
 .text._ZN4SMPS10getMaxIoutEv
                0x000024b0       0x28 ..\obj\SMPS.o
                0x000024b0                SMPS::getMaxIout()
 .text._ZN4SMPS8setValueEt
                0x000024d8       0x2c ..\obj\SMPS.o
                0x000024d8                SMPS::setValue(unsigned short)
 .text._ZN4SMPS10trySetIoutEt
                0x00002504       0x48 ..\obj\SMPS.o
                0x00002504                SMPS::trySetIout(unsigned short)
 .text._ZN4SMPS7powerOnEv
                0x0000254c       0x24 ..\obj\SMPS.o
                0x0000254c                SMPS::powerOn()
 .text._ZN4SMPS8powerOffEv
                0x00002570       0x24 ..\obj\SMPS.o
                0x00002570                SMPS::powerOff()
 .text._ZN4SMPS10initializeEv
                0x00002594       0x1c ..\obj\SMPS.o
                0x00002594                SMPS::initialize()
 .text._ZN6Screen13getConditionsEv
                0x000025b0       0x40 ..\obj\Screen.o
                0x000025b0                Screen::getConditions()
 .text._ZN6Screen7getPageEh
                0x000025f0       0x3c ..\obj\Screen.o
                0x000025f0                Screen::getPage(unsigned char)
 .text._ZN6Screen11displayPageEv
                0x0000262c       0x24 ..\obj\Screen.o
                0x0000262c                Screen::displayPage()
 .text._ZN6Screen7powerOnEv
                0x00002650       0x24 ..\obj\Screen.o
                0x00002650                Screen::powerOn()
 .text._ZN6Screen8powerOffEv
                0x00002674        0x2 ..\obj\Screen.o
                0x00002674                Screen::powerOff()
 .text._ZN6Screen10initializeEv
                0x00002676        0x8 ..\obj\Screen.o
                0x00002676                Screen::initialize()
 .text._ZN6Screen14displayStringsEPKc
                0x0000267e       0x14 ..\obj\Screen.o
                0x0000267e                Screen::displayStrings(char const*)
 .text._ZN6Screen14displayStringsEPKcS1_
                0x00002692       0x14 ..\obj\Screen.o
                0x00002692                Screen::displayStrings(char const*, char const*)
 *fill*         0x000026a6        0x2 
 .text._ZN6Screen9screenEndEPKc
                0x000026a8       0x30 ..\obj\Screen.o
                0x000026a8                Screen::screenEnd(char const*)
 .text._ZN6Screen29displayScreenProgramCompletedEv
                0x000026d8       0x10 ..\obj\Screen.o
                0x000026d8                Screen::displayScreenProgramCompleted()
 .text._ZN6Screen19displayMonitorErrorEv
                0x000026e8       0x10 ..\obj\Screen.o
                0x000026e8                Screen::displayMonitorError()
 .text._ZN6Screen29displayScreenReversedPolarityEv
                0x000026f8       0x10 ..\obj\Screen.o
                0x000026f8                Screen::displayScreenReversedPolarity()
 .text._ZN6Screen16displayAnimationEv
                0x00002708       0x34 ..\obj\Screen.o
                0x00002708                Screen::displayAnimation()
 .text._ZN6Screen10doStrategyEv
                0x0000273c       0x50 ..\obj\Screen.o
                0x0000273c                Screen::doStrategy()
 .text._ZN6Screen17runAskResetEepromEh
                0x0000278c       0x34 ..\obj\Screen.o
                0x0000278c                Screen::runAskResetEeprom(unsigned char)
 .text._ZN6Screen22displayResettingEepromEv
                0x000027c0       0x10 ..\obj\Screen.o
                0x000027c0                Screen::displayResettingEeprom()
 .text._ZN6Screen18runResetEepromDoneEhh
                0x000027d0       0x28 ..\obj\Screen.o
                0x000027d0                Screen::runResetEepromDone(unsigned char, unsigned char)
 .text._ZN6Screen19runCalibrationErrorEPKch
                0x000027f8       0x20 ..\obj\Screen.o
                0x000027f8                Screen::runCalibrationError(char const*, unsigned char)
 .text._ZN6Screen16runWelcomeScreenEv
                0x00002818       0x18 ..\obj\Screen.o
                0x00002818                Screen::runWelcomeScreen()
 .text._ZN14TheveninMethod19getMinIwithBalancerEv
                0x00002830       0x18 ..\obj\TheveninMethod.o
                0x00002830                TheveninMethod::getMinIwithBalancer()
 .text._ZN14TheveninMethod18getReadableRthCellEh
                0x00002848       0x18 ..\obj\TheveninMethod.o
                0x00002848                TheveninMethod::getReadableRthCell(unsigned char)
 .text._ZN14TheveninMethod18getReadableBattRthEv
                0x00002860       0x10 ..\obj\TheveninMethod.o
                0x00002860                TheveninMethod::getReadableBattRth()
 .text._ZN14TheveninMethod19getReadableWiresRthEv
                0x00002870       0x28 ..\obj\TheveninMethod.o
                0x00002870                TheveninMethod::getReadableWiresRth()
 .text._ZN14TheveninMethod10initializeEb
                0x00002898       0x7c ..\obj\TheveninMethod.o
                0x00002898                TheveninMethod::initialize(bool)
 .text._ZN14TheveninMethod18balance_isCompleteEbt
                0x00002914       0xa0 ..\obj\TheveninMethod.o
                0x00002914                TheveninMethod::balance_isComplete(bool, unsigned short)
 .text._ZN14TheveninMethod15calculateRthVthEt
                0x000029b4       0x48 ..\obj\TheveninMethod.o
                0x000029b4                TheveninMethod::calculateRthVth(unsigned short)
 .text._ZN14TheveninMethod10calculateIEv
                0x000029fc       0x60 ..\obj\TheveninMethod.o
                0x000029fc                TheveninMethod::calculateI()
 .text._ZN14TheveninMethod10normalizeIEtt
                0x00002a5c       0x70 ..\obj\TheveninMethod.o
                0x00002a5c                TheveninMethod::normalizeI(unsigned short, unsigned short)
 .text._ZN14TheveninMethod6storeIEt
                0x00002acc       0x40 ..\obj\TheveninMethod.o
                0x00002acc                TheveninMethod::storeI(unsigned short)
 .text._ZN14TheveninMethod13calculateNewIEbt
                0x00002b0c       0xa4 ..\obj\TheveninMethod.o
                0x00002b0c                TheveninMethod::calculateNewI(bool, unsigned short)
 .text._ZL12__iCliRetValv
                0x00002bb0       0x14 ..\obj\AnalogInputs.o
 .text._ZL10__iRestorePh.isra.0
                0x00002bc4       0x18 ..\obj\AnalogInputs.o
 .text._ZN12AnalogInputs14getAvrADCValueENS_4NameE
                0x00002bdc        0xc ..\obj\AnalogInputs.o
                0x00002bdc                AnalogInputs::getAvrADCValue(AnalogInputs::Name)
 .text._ZN12AnalogInputs12getRealValueENS_4NameE
                0x00002be8       0x10 ..\obj\AnalogInputs.o
                0x00002be8                AnalogInputs::getRealValue(AnalogInputs::Name)
 .text._ZN12AnalogInputs11getADCValueENS_4NameE
                0x00002bf8       0x20 ..\obj\AnalogInputs.o
                0x00002bf8                AnalogInputs::getADCValue(AnalogInputs::Name)
 .text._ZN12AnalogInputs9isPowerOnEv
                0x00002c18        0xc ..\obj\AnalogInputs.o
                0x00002c18                AnalogInputs::isPowerOn()
 .text._ZN12AnalogInputs23getFullMeasurementCountEv
                0x00002c24        0xc ..\obj\AnalogInputs.o
                0x00002c24                AnalogInputs::getFullMeasurementCount()
 .text._ZN12AnalogInputs13getDeltaLastTEv
                0x00002c30        0xc ..\obj\AnalogInputs.o
                0x00002c30                AnalogInputs::getDeltaLastT()
 .text._ZN12AnalogInputs13getDeltaCountEv
                0x00002c3c        0xc ..\obj\AnalogInputs.o
                0x00002c3c                AnalogInputs::getDeltaCount()
 .text._ZN12AnalogInputs18enableDeltaVoutMaxEb
                0x00002c48        0xc ..\obj\AnalogInputs.o
                0x00002c48                AnalogInputs::enableDeltaVoutMax(bool)
 .text._ZN12AnalogInputs14getStableCountENS_4NameE
                0x00002c54       0x10 ..\obj\AnalogInputs.o
                0x00002c54                AnalogInputs::getStableCount(AnalogInputs::Name)
 .text._ZN12AnalogInputs20saveBalancePortStateEv
                0x00002c64       0x10 ..\obj\AnalogInputs.o
                0x00002c64                AnalogInputs::saveBalancePortState()
 .text._ZN12AnalogInputs19getCalibrationPointERNS_16CalibrationPointENS_4NameEh
                0x00002c74       0x48 ..\obj\AnalogInputs.o
                0x00002c74                AnalogInputs::getCalibrationPoint(AnalogInputs::CalibrationPoint&, AnalogInputs::Name, unsigned char)
 .text._ZN12AnalogInputs19setCalibrationPointENS_4NameEhRKNS_16CalibrationPointE
                0x00002cbc       0x28 ..\obj\AnalogInputs.o
                0x00002cbc                AnalogInputs::setCalibrationPoint(AnalogInputs::Name, unsigned char, AnalogInputs::CalibrationPoint const&)
 .text._ZN12AnalogInputs14restoreDefaultEv
                0x00002ce4       0x5c ..\obj\AnalogInputs.o
                0x00002ce4                AnalogInputs::restoreDefault()
 .text._ZN12AnalogInputs33getConnectedBalancePortCellsCountEv
                0x00002d40       0x14 ..\obj\AnalogInputs.o
                0x00002d40                AnalogInputs::getConnectedBalancePortCellsCount()
 .text._ZN12AnalogInputs22isBalancePortConnectedEv
                0x00002d54       0x14 ..\obj\AnalogInputs.o
                0x00002d54                AnalogInputs::isBalancePortConnected()
 .text._ZN12AnalogInputs11getVbatteryEv
                0x00002d68        0xc ..\obj\AnalogInputs.o
                0x00002d68                AnalogInputs::getVbattery()
 .text._ZN12AnalogInputs7getVoutEv
                0x00002d74        0xc ..\obj\AnalogInputs.o
                0x00002d74                AnalogInputs::getVout()
 .text._ZN12AnalogInputs7getIoutEv
                0x00002d80        0xc ..\obj\AnalogInputs.o
                0x00002d80                AnalogInputs::getIout()
 .text._ZN12AnalogInputs11isOutStableEv
                0x00002d8c       0x24 ..\obj\AnalogInputs.o
                0x00002d8c                AnalogInputs::isOutStable()
 .text._ZN12AnalogInputs9_resetAvrEv
                0x00002db0       0x30 ..\obj\AnalogInputs.o
                0x00002db0                AnalogInputs::_resetAvr()
 .text._ZN12AnalogInputs14_resetDeltaAvrEv
                0x00002de0       0x24 ..\obj\AnalogInputs.o
                0x00002de0                AnalogInputs::_resetDeltaAvr()
 .text._ZN12AnalogInputs11resetStableEv
                0x00002e04       0x18 ..\obj\AnalogInputs.o
                0x00002e04                AnalogInputs::resetStable()
 .text._ZN12AnalogInputs16resetMeasurementEv
                0x00002e1c       0x20 ..\obj\AnalogInputs.o
                0x00002e1c                AnalogInputs::resetMeasurement()
 .text._ZN12AnalogInputs17doFullMeasurementEv
                0x00002e3c       0x20 ..\obj\AnalogInputs.o
                0x00002e3c                AnalogInputs::doFullMeasurement()
 .text._ZN12AnalogInputs8powerOffEv
                0x00002e5c       0x14 ..\obj\AnalogInputs.o
                0x00002e5c                AnalogInputs::powerOff()
 .text._ZN12AnalogInputs17isReversePolarityEv
                0x00002e70       0x26 ..\obj\AnalogInputs.o
                0x00002e70                AnalogInputs::isReversePolarity()
 *fill*         0x00002e96        0x2 
 .text._ZN12AnalogInputs14calibrateValueENS_4NameEt
                0x00002e98       0x54 ..\obj\AnalogInputs.o
                0x00002e98                AnalogInputs::calibrateValue(AnalogInputs::Name, unsigned short)
 .text._ZN12AnalogInputs21reverseCalibrateValueENS_4NameEt
                0x00002eec       0x54 ..\obj\AnalogInputs.o
                0x00002eec                AnalogInputs::reverseCalibrateValue(AnalogInputs::Name, unsigned short)
 .text._ZN12AnalogInputs7getTypeENS_4NameE
                0x00002f40       0x14 ..\obj\AnalogInputs.o
                0x00002f40                AnalogInputs::getType(AnalogInputs::Name)
 .text._ZN12AnalogInputs11isConnectedENS_4NameE
                0x00002f54       0x3c ..\obj\AnalogInputs.o
                0x00002f54                AnalogInputs::isConnected(AnalogInputs::Name)
 .text._ZN12AnalogInputs28getConnectedBalancePortCellsEv
                0x00002f90       0x24 ..\obj\AnalogInputs.o
                0x00002f90                AnalogInputs::getConnectedBalancePortCells()
 .text._ZN12AnalogInputs14printRealValueENS_4NameEh
                0x00002fb4       0x20 ..\obj\AnalogInputs.o
                0x00002fb4                AnalogInputs::printRealValue(AnalogInputs::Name, unsigned char)
 .text._ZN12AnalogInputs9getChargeEv
                0x00002fd4       0x20 ..\obj\AnalogInputs.o
                0x00002fd4                AnalogInputs::getCharge()
 .text._ZN12AnalogInputs7getEoutEv
                0x00002ff4       0x20 ..\obj\AnalogInputs.o
                0x00002ff4                AnalogInputs::getEout()
 .text._ZN12AnalogInputs15doSlowInterruptEv
                0x00003014       0x40 ..\obj\AnalogInputs.o
                0x00003014                AnalogInputs::doSlowInterrupt()
 .text._ZN12AnalogInputs29intterruptFinalizeMeasurementEv
                0x00003054       0x18 ..\obj\AnalogInputs.o
                0x00003054                AnalogInputs::intterruptFinalizeMeasurement()
 .text._ZN12AnalogInputs7setRealENS_4NameEt
                0x0000306c       0x3c ..\obj\AnalogInputs.o
                0x0000306c                AnalogInputs::setReal(AnalogInputs::Name, unsigned short)
 .text._ZN12AnalogInputs28resetAccumulatedMeasurementsEv
                0x000030a8       0x5c ..\obj\AnalogInputs.o
                0x000030a8                AnalogInputs::resetAccumulatedMeasurements()
 .text._ZN12AnalogInputs5resetEv
                0x00003104       0x14 ..\obj\AnalogInputs.o
                0x00003104                AnalogInputs::reset()
 .text._ZN12AnalogInputs10initializeEv
                0x00003118        0x8 ..\obj\AnalogInputs.o
                0x00003118                AnalogInputs::initialize()
 .text._ZN12AnalogInputs7powerOnEb
                0x00003120       0x34 ..\obj\AnalogInputs.o
                0x00003120                AnalogInputs::powerOn(bool)
 .text._ZN12AnalogInputs17setRealBasedOnAvrENS_4NameE
                0x00003154       0x38 ..\obj\AnalogInputs.o
                0x00003154                AnalogInputs::setRealBasedOnAvr(AnalogInputs::Name)
 .text._ZN12AnalogInputs24finalizeDeltaMeasurementEv
                0x0000318c       0xcc ..\obj\AnalogInputs.o
                0x0000318c                AnalogInputs::finalizeDeltaMeasurement()
 .text._ZN12AnalogInputs30finalizeFullVirtualMeasurementEv
                0x00003258      0x114 ..\obj\AnalogInputs.o
                0x00003258                AnalogInputs::finalizeFullVirtualMeasurement()
 .text._ZN12AnalogInputs23finalizeFullMeasurementEv
                0x0000336c       0x8c ..\obj\AnalogInputs.o
                0x0000336c                AnalogInputs::finalizeFullMeasurement()
 .text._ZN12AnalogInputs6doIdleEv
                0x000033f8        0x8 ..\obj\AnalogInputs.o
                0x000033f8                AnalogInputs::doIdle()
 .text._ZN4Time13getInterruptsEv
                0x00003400       0x1c ..\obj\Time.o
                0x00003400                Time::getInterrupts()
 .text._ZN4Time6doIdleEv
                0x0000341c       0x14 ..\obj\Time.o
                0x0000341c                Time::doIdle()
 .text._ZN4Time8callbackEv
                0x00003430       0x30 ..\obj\Time.o
                0x00003430                Time::callback()
 .text._ZN4Time14getMilisecondsEv
                0x00003460        0xa ..\obj\Time.o
                0x00003460                Time::getMiliseconds()
 .text._ZN4Time17getMilisecondsU16Ev
                0x0000346a        0xa ..\obj\Time.o
                0x0000346a                Time::getMilisecondsU16()
 .text._ZN4Time16getInterruptsU16Ev
                0x00003474        0xa ..\obj\Time.o
                0x00003474                Time::getInterruptsU16()
 .text._ZN4Time10getSecondsEv
                0x0000347e       0x10 ..\obj\Time.o
                0x0000347e                Time::getSeconds()
 .text._ZN4Time13getSecondsU16Ev
                0x0000348e        0xa ..\obj\Time.o
                0x0000348e                Time::getSecondsU16()
 .text._ZN4Time5delayEt
                0x00003498       0x18 ..\obj\Time.o
                0x00003498                Time::delay(unsigned short)
 .text._ZN4Time11delayDoIdleEt
                0x000034b0       0x1c ..\obj\Time.o
                0x000034b0                Time::delayDoIdle(unsigned short)
 .text.GPIO_SetMode
                0x000034cc       0x28 ..\obj\gpio.o
                0x000034cc                GPIO_SetMode
 .text._ZN7cprintf7cprintfEPKNS_9PrintDataEh
                0x000034f4       0xb0 ..\obj\cprintf.o
                0x000034f4                cprintf::cprintf(cprintf::PrintData const*, unsigned char)
 .text._Z9printLonglPc
                0x000035a4       0x3e ..\obj\LcdPrint.o
                0x000035a4                printLong(long, char*)
 .text._Z12lcdSetCursorhh
                0x000035e2        0x8 ..\obj\LcdPrint.o
                0x000035e2                lcdSetCursor(unsigned char, unsigned char)
 .text._Z15lcdSetCursor0_0v
                0x000035ea        0xc ..\obj\LcdPrint.o
                0x000035ea                lcdSetCursor0_0()
 .text._Z15lcdSetCursor0_1v
                0x000035f6        0xc ..\obj\LcdPrint.o
                0x000035f6                lcdSetCursor0_1()
 .text._Z8lcdClearv
                0x00003602        0x8 ..\obj\LcdPrint.o
                0x00003602                lcdClear()
 .text._Z12lcdPrintCharc
                0x0000360a       0x12 ..\obj\LcdPrint.o
                0x0000360a                lcdPrintChar(char)
 .text._Z8lcdPrintPKca
                0x0000361c       0x30 ..\obj\LcdPrint.o
                0x0000361c                lcdPrint(char const*, signed char)
 .text._Z12lcdPrintUIntt
                0x0000364c       0x14 ..\obj\LcdPrint.o
                0x0000364c                lcdPrintUInt(unsigned short)
 .text._Z10lcdPrint_PPKc
                0x00003660       0x22 ..\obj\LcdPrint.o
                0x00003660                lcdPrint_P(char const*)
 .text._Z10lcdPrint_PPKPKch
                0x00003682       0x16 ..\obj\LcdPrint.o
                0x00003682                lcdPrint_P(char const* const*, unsigned char)
 .text._Z12lcdPrintCharca
                0x00003698       0x22 ..\obj\LcdPrint.o
                0x00003698                lcdPrintChar(char, signed char)
 .text._Z14lcdPrintSpacesa
                0x000036ba        0xc ..\obj\LcdPrint.o
                0x000036ba                lcdPrintSpaces(signed char)
 .text._Z14lcdPrintSpace1v
                0x000036c6        0xa ..\obj\LcdPrint.o
                0x000036c6                lcdPrintSpace1()
 .text._Z14lcdPrintSpacesv
                0x000036d0        0xa ..\obj\LcdPrint.o
                0x000036d0                lcdPrintSpaces()
 .text._Z9lcdPrintRPKca
                0x000036da       0x1c ..\obj\LcdPrint.o
                0x000036da                lcdPrintR(char const*, signed char)
 .text._Z12lcdPrintLongla
                0x000036f6       0x14 ..\obj\LcdPrint.o
                0x000036f6                lcdPrintLong(long, signed char)
 .text._Z14lcdPrintValue_tatbb
                0x0000370a       0xae ..\obj\LcdPrint.o
                0x0000370a                lcdPrintValue_(unsigned short, signed char, unsigned short, bool, bool)
 .text._Z14lcdPrintAnalogtaN12AnalogInputs4TypeE.part.0
                0x000037b8       0x58 ..\obj\LcdPrint.o
 .text._Z11lcdPrintR_PPKca
                0x00003810       0x1a ..\obj\LcdPrint.o
                0x00003810                lcdPrintR_P(char const*, signed char)
 *fill*         0x0000382a        0x2 
 .text._Z13lcdPrintYesNoha
                0x0000382c       0x24 ..\obj\LcdPrint.o
                0x0000382c                lcdPrintYesNo(unsigned char, signed char)
 .text._Z13lcdPrintDigith
                0x00003850        0xc ..\obj\LcdPrint.o
                0x00003850                lcdPrintDigit(unsigned char)
 .text._Z16lcdPrintUnsignedtac
                0x0000385c       0x1e ..\obj\LcdPrint.o
                0x0000385c                lcdPrintUnsigned(unsigned short, signed char, char)
 *fill*         0x0000387a        0x2 
 .text._Z12lcdPrintTimema
                0x0000387c       0x50 ..\obj\LcdPrint.o
                0x0000387c                lcdPrintTime(unsigned long, signed char)
 .text._Z16lcdPrintUnsignedta
                0x000038cc        0x8 ..\obj\LcdPrint.o
                0x000038cc                lcdPrintUnsigned(unsigned short, signed char)
 .text._Z19lcdPrintTemperatureta
                0x000038d4        0xa ..\obj\LcdPrint.o
                0x000038d4                lcdPrintTemperature(unsigned short, signed char)
 .text._Z15lcdPrintCurrentta
                0x000038de        0xa ..\obj\LcdPrint.o
                0x000038de                lcdPrintCurrent(unsigned short, signed char)
 .text._Z15lcdPrintVoltageta
                0x000038e8        0xa ..\obj\LcdPrint.o
                0x000038e8                lcdPrintVoltage(unsigned short, signed char)
 .text._Z18lcdPrintResistanceta
                0x000038f2        0xa ..\obj\LcdPrint.o
                0x000038f2                lcdPrintResistance(unsigned short, signed char)
 .text._Z14lcdPrintAnalogtaN12AnalogInputs4TypeE
                0x000038fc       0x44 ..\obj\LcdPrint.o
                0x000038fc                lcdPrintAnalog(unsigned short, signed char, AnalogInputs::Type)
 .text._Z14lcdPrintChargeta
                0x00003940        0xa ..\obj\LcdPrint.o
                0x00003940                lcdPrintCharge(unsigned short, signed char)
 .text._Z14lcdCreateCGRamv
                0x0000394a       0x58 ..\obj\LcdPrint.o
                0x0000394a                lcdCreateCGRam()
 *fill*         0x000039a2        0x2 
 .text._ZN13PolarityCheck23runReversedPolarityInfoEv
                0x000039a4       0x34 ..\obj\PolarityCheck.o
                0x000039a4                PolarityCheck::runReversedPolarityInfo()
 .text._ZNK8Settings12getUARTspeedEv
                0x000039d8       0x10 ..\obj\Settings.o
                0x000039d8                Settings::getUARTspeed() const
 .text._ZN8Settings10setDefaultEv
                0x000039e8       0x14 ..\obj\Settings.o
                0x000039e8                Settings::setDefault()
 .text._ZN8Settings5checkEv
                0x000039fc       0x38 ..\obj\Settings.o
                0x000039fc                Settings::check()
 .text._ZN8Settings5applyEv
                0x00003a34        0xa ..\obj\Settings.o
                0x00003a34                Settings::apply()
 *fill*         0x00003a3e        0x2 
 .text._ZN8Settings4loadEv
                0x00003a40       0x38 ..\obj\Settings.o
                0x00003a40                Settings::load()
 .text._ZN8Settings4saveEv
                0x00003a78       0x24 ..\obj\Settings.o
                0x00003a78                Settings::save()
 .text._ZN8Settings14restoreDefaultEv
                0x00003a9c       0x14 ..\obj\Settings.o
                0x00003a9c                Settings::restoreDefault()
 .text._ZN8EditMenu22getSelectedIndexOrSizeEh
                0x00003ab0       0x5c ..\obj\EditMenu.o
                0x00003ab0                EditMenu::getSelectedIndexOrSize(unsigned char)
 .text._ZN8EditMenu9printItemEh
                0x00003b0c       0x64 ..\obj\EditMenu.o
                0x00003b0c                EditMenu::printItem(unsigned char)
 .text._ZN8EditMenu14getEditAddressEh
                0x00003b70       0x38 ..\obj\EditMenu.o
                0x00003b70                EditMenu::getEditAddress(unsigned char)
 .text._ZN8EditMenu18getEnableConditionEh
                0x00003ba8       0x28 ..\obj\EditMenu.o
                0x00003ba8                EditMenu::getEnableCondition(unsigned char)
 .text._ZN8EditMenu8editItemEhh
                0x00003bd0       0xc4 ..\obj\EditMenu.o
                0x00003bd0                EditMenu::editItem(unsigned char, unsigned char)
 .text._ZN8EditMenu11setSelectorEt
                0x00003c94       0x1c ..\obj\EditMenu.o
                0x00003c94                EditMenu::setSelector(unsigned short)
 .text._ZN8EditMenu10initializeEPKNS_14StaticEditDataEPFvPtE
                0x00003cb0       0x44 ..\obj\EditMenu.o
                0x00003cb0                EditMenu::initialize(EditMenu::StaticEditData const*, void (*)(unsigned short*))
 .text.CLK_GetHCLKFreq
                0x00003cf4       0x10 ..\obj\clk.o
                0x00003cf4                CLK_GetHCLKFreq
 .text.CLK_SetModuleClock
                0x00003d04       0x50 ..\obj\clk.o
                0x00003d04                CLK_SetModuleClock
 .text.CLK_EnableXtalRC
                0x00003d54       0x10 ..\obj\clk.o
                0x00003d54                CLK_EnableXtalRC
 .text.CLK_EnableModuleClock
                0x00003d64       0x24 ..\obj\clk.o
                0x00003d64                CLK_EnableModuleClock
 .text.CLK_WaitClockReady
                0x00003d88       0x24 ..\obj\clk.o
                0x00003d88                CLK_WaitClockReady
 .text.CLK_SetHCLK
                0x00003dac       0x4c ..\obj\clk.o
                0x00003dac                CLK_SetHCLK
 .text.CLK_EnablePLL
                0x00003df8      0x1a8 ..\obj\clk.o
                0x00003df8                CLK_EnablePLL
 .text.CLK_SetCoreClock
                0x00003fa0       0x8c ..\obj\clk.o
                0x00003fa0                CLK_SetCoreClock
 .text._ZN17StartInfoStrategy7powerOnEv
                0x0000402c       0x28 ..\obj\StartInfoStrategy.o
                0x0000402c                StartInfoStrategy::powerOn()
 .text._ZN17StartInfoStrategy8powerOffEv
                0x00004054       0x14 ..\obj\StartInfoStrategy.o
                0x00004054                StartInfoStrategy::powerOff()
 .text._ZN17StartInfoStrategy10doStrategyEv
                0x00004068      0x104 ..\obj\StartInfoStrategy.o
                0x00004068                StartInfoStrategy::doStrategy()
 .text._ZN11ProgramData24getDefaultVoltagePerCellENS_11VoltageTypeE
                0x0000416c       0x20 ..\obj\ProgramData.o
                0x0000416c                ProgramData::getDefaultVoltagePerCell(ProgramData::VoltageType)
 .text._ZN11ProgramData17getDefaultVoltageENS_11VoltageTypeE
                0x0000418c       0x3c ..\obj\ProgramData.o
                0x0000418c                ProgramData::getDefaultVoltage(ProgramData::VoltageType)
 .text._ZN11ProgramData10getVoltageENS_11VoltageTypeE
                0x000041c8       0x40 ..\obj\ProgramData.o
                0x000041c8                ProgramData::getVoltage(ProgramData::VoltageType)
 .text._ZN11ProgramData15getBatteryClassEv
                0x00004208       0x1c ..\obj\ProgramData.o
                0x00004208                ProgramData::getBatteryClass()
 .text._ZN11ProgramData16getCapacityLimitEv
                0x00004224       0x3c ..\obj\ProgramData.o
                0x00004224                ProgramData::getCapacityLimit()
 .text._ZN11ProgramData14getDeltaVLimitEv
                0x00004260       0x24 ..\obj\ProgramData.o
                0x00004260                ProgramData::getDeltaVLimit()
 .text._ZN11ProgramData8getMaxIcEv
                0x00004284       0x24 ..\obj\ProgramData.o
                0x00004284                ProgramData::getMaxIc()
 .text._ZN11ProgramData8getMaxIdEv
                0x000042a8       0x24 ..\obj\ProgramData.o
                0x000042a8                ProgramData::getMaxId()
 .text._ZN11ProgramData11getMaxCellsEv
                0x000042cc       0x2c ..\obj\ProgramData.o
                0x000042cc                ProgramData::getMaxCells()
 .text._ZN11ProgramData5checkEv
                0x000042f8      0x124 ..\obj\ProgramData.o
                0x000042f8                ProgramData::check()
 .text._ZN11ProgramData15loadProgramDataEh
                0x0000441c       0x30 ..\obj\ProgramData.o
                0x0000441c                ProgramData::loadProgramData(unsigned char)
 .text._ZN11ProgramData15saveProgramDataEh
                0x0000444c       0x24 ..\obj\ProgramData.o
                0x0000444c                ProgramData::saveProgramData(unsigned char)
 .text._ZN11ProgramData9changedIcEv
                0x00004470       0x24 ..\obj\ProgramData.o
                0x00004470                ProgramData::changedIc()
 .text._ZN11ProgramData9changedIdEv
                0x00004494       0x24 ..\obj\ProgramData.o
                0x00004494                ProgramData::changedId()
 .text._ZN11ProgramData15changedCapacityEv
                0x000044b8       0x48 ..\obj\ProgramData.o
                0x000044b8                ProgramData::changedCapacity()
 .text._ZN11ProgramData11changedTypeEv
                0x00004500       0xc4 ..\obj\ProgramData.o
                0x00004500                ProgramData::changedType()
 .text._ZN11ProgramData14restoreDefaultEv
                0x000045c4       0x28 ..\obj\ProgramData.o
                0x000045c4                ProgramData::restoreDefault()
 .text._ZN11ProgramData16printProgramDataEh
                0x000045ec       0x84 ..\obj\ProgramData.o
                0x000045ec                ProgramData::printProgramData(unsigned char)
 .text.TMR0_IRQHandler
                0x00004670       0x14 ..\obj\Timer0.o
                0x00004670                TMR0_IRQHandler
 .text._ZN4Time10initializeEv
                0x00004684       0x60 ..\obj\Timer0.o
                0x00004684                Time::initialize()
 .text._ZN8hardware13getKeyPressedEv
                0x000046e4       0x48 ..\obj\imaxB6.o
                0x000046e4                hardware::getKeyPressed()
 .text._ZN8hardware17setBalancerOutputEb
                0x0000472c        0x2 ..\obj\imaxB6.o
                0x0000472c                hardware::setBalancerOutput(bool)
 *fill*         0x0000472e        0x2 
 .text._ZN8hardware10initializeEv
                0x00004730       0x24 ..\obj\imaxB6.o
                0x00004730                hardware::initialize()
 .text._ZN8hardware9setBuzzerEh
                0x00004754       0x14 ..\obj\imaxB6.o
                0x00004754                hardware::setBuzzer(unsigned char)
 .text._ZN8hardware15setLCDBacklightEh
                0x00004768       0x1e ..\obj\imaxB6.o
                0x00004768                hardware::setLCDBacklight(unsigned char)
 *fill*         0x00004786        0x2 
 .text._ZN8hardware16setBatteryOutputEb
                0x00004788       0x24 ..\obj\imaxB6.o
                0x00004788                hardware::setBatteryOutput(bool)
 .text._ZN8hardware11setBalancerEh
                0x000047ac       0x64 ..\obj\imaxB6.o
                0x000047ac                hardware::setBalancer(unsigned char)
 .text._ZN8hardware14initializePinsEv
                0x00004810       0xf0 ..\obj\imaxB6.o
                0x00004810                hardware::initializePins()
 .text._ZN11Calibration3runEv
                0x00004900       0x2c ..\obj\Calibration.o
                0x00004900                Calibration::run()
 .text._ZN11Calibration8testVoutEb
                0x0000492c       0x58 ..\obj\Calibration.o
                0x0000492c                Calibration::testVout(bool)
 .text._ZN11Calibration5checkEN12AnalogInputs4NameEtt
                0x00004984       0x68 ..\obj\Calibration.o
                0x00004984                Calibration::check(AnalogInputs::Name, unsigned short, unsigned short)
 .text._ZN11Calibration12checkIchargeEv
                0x000049ec       0x28 ..\obj\Calibration.o
                0x000049ec                Calibration::checkIcharge()
 .text._ZN11Calibration15checkIdischargeEv
                0x00004a14       0x28 ..\obj\Calibration.o
                0x00004a14                Calibration::checkIdischarge()
 .text._ZN11Calibration8checkAllEv
                0x00004a3c       0x60 ..\obj\Calibration.o
                0x00004a3c                Calibration::checkAll()
 .text._ZN11Calibration5checkEv
                0x00004a9c        0x8 ..\obj\Calibration.o
                0x00004a9c                Calibration::check()
 .text.ADC_Open
                0x00004aa4       0x24 ..\obj\adc.o
                0x00004aa4                ADC_Open
 .text.ADC_EnableInt
                0x00004ac8       0x30 ..\obj\adc.o
                0x00004ac8                ADC_EnableInt
 .text._ZN6Serial5emptyEv
                0x00004af8        0x2 ..\obj\Serial.o
                0x00004af8                Serial::empty()
 .text._ZN6Serial10emptyUint8Eh
                0x00004afa        0x2 ..\obj\Serial.o
                0x00004afa                Serial::emptyUint8(unsigned char)
 .text._ZN6Serial5beginEm
                0x00004afc       0x28 ..\obj\Serial.o
                0x00004afc                Serial::begin(unsigned long)
 .text._ZN6Serial10initializeEv
                0x00004b24        0x8 ..\obj\Serial.o
                0x00004b24                Serial::initialize()
 .text._ZL12__iCliRetValv
                0x00004b2c       0x14 ..\obj\SMPS_PID.o
 .text._ZL10__iRestorePh.isra.0
                0x00004b40       0x18 ..\obj\SMPS_PID.o
 .text._ZN8hardware11getPIDValueEv
                0x00004b58       0x18 ..\obj\SMPS_PID.o
                0x00004b58                hardware::getPIDValue()
 .text._ZN8SMPS_PID4initEtt
                0x00004b70       0x30 ..\obj\SMPS_PID.o
                0x00004b70                SMPS_PID::init(unsigned short, unsigned short)
 .text._ZN8SMPS_PID9setPID_MVEt
                0x00004ba0       0x5c ..\obj\SMPS_PID.o
                0x00004ba0                SMPS_PID::setPID_MV(unsigned short)
 .text._ZN8hardware13setVoutCutoffEt
                0x00004bfc       0x38 ..\obj\SMPS_PID.o
                0x00004bfc                hardware::setVoutCutoff(unsigned short)
 .text._ZN8hardware15setChargerValueEt
                0x00004c34       0x18 ..\obj\SMPS_PID.o
                0x00004c34                hardware::setChargerValue(unsigned short)
 .text._ZN8hardware16setChargerOutputEb
                0x00004c4c       0x78 ..\obj\SMPS_PID.o
                0x00004c4c                hardware::setChargerOutput(bool)
 .text._ZN8SMPS_PID6updateEv
                0x00004cc4       0x68 ..\obj\SMPS_PID.o
                0x00004cc4                SMPS_PID::update()
 .text._ZN8hardware19setDischargerOutputEb
                0x00004d2c       0x20 ..\obj\SMPS_PID.o
                0x00004d2c                hardware::setDischargerOutput(bool)
 .text._ZN8hardware18setDischargerValueEt
                0x00004d4c        0xc ..\obj\SMPS_PID.o
                0x00004d4c                hardware::setDischargerValue(unsigned short)
 .text._Z14callVoidMethodPFvvE
                0x00004d58        0x6 ..\obj\Utils.o
                0x00004d58                callVoidMethod(void (*)())
 .text._Z16callVoidMethod_PPKPFvvE
                0x00004d5e       0x14 ..\obj\Utils.o
                0x00004d5e                callVoidMethod_P(void (* const*)())
 .text._Z11testTinternRbtt
                0x00004d72       0x28 ..\obj\Utils.o
                0x00004d72                testTintern(bool&, unsigned short, unsigned short)
 .text._Z5pow10h
                0x00004d9a       0x16 ..\obj\Utils.o
                0x00004d9a                pow10(unsigned char)
 .text._Z4signs
                0x00004db0       0x12 ..\obj\Utils.o
                0x00004db0                sign(short)
 .text._Z9countBitst
                0x00004dc2       0x1a ..\obj\Utils.o
                0x00004dc2                countBits(unsigned short)
 .text._Z6digitsl
                0x00004ddc       0x24 ..\obj\Utils.o
                0x00004ddc                digits(long)
 .text._Z6digitst
                0x00004e00        0x8 ..\obj\Utils.o
                0x00004e00                digits(unsigned short)
 .text._Z18changeMinToMaxStepPtittt
                0x00004e08       0x4e ..\obj\Utils.o
                0x00004e08                changeMinToMaxStep(unsigned short*, int, unsigned short, unsigned short, unsigned short)
 .text._Z19changeMinToMaxSmartPtitt
                0x00004e56       0x30 ..\obj\Utils.o
                0x00004e56                changeMinToMaxSmart(unsigned short*, int, unsigned short, unsigned short)
 *fill*         0x00004e86        0x2 
 .text._Z17change0ToInfSmartPti
                0x00004e88       0x10 ..\obj\Utils.o
                0x00004e88                change0ToInfSmart(unsigned short*, int)
 .text._Z17waitButtonPressedv
                0x00004e98       0x14 ..\obj\Utils.o
                0x00004e98                waitButtonPressed()
 .text._ZN11Calibration18runCalibrationMenuEPKN8EditMenu14StaticEditDataEPKN12AnalogInputs4NameES7_h
                0x00004eac      0x110 ..\obj\CalibrationMenus.o
                0x00004eac                Calibration::runCalibrationMenu(EditMenu::StaticEditData const*, AnalogInputs::Name const*, AnalogInputs::Name const*, unsigned char)
 .text._ZN11Calibration18voltageCalibrationEv
                0x00004fbc       0x40 ..\obj\CalibrationMenus.o
                0x00004fbc                Calibration::voltageCalibration()
 .text._ZN11Calibration24expertVoltageCalibrationEv
                0x00004ffc       0x3c ..\obj\CalibrationMenus.o
                0x00004ffc                Calibration::expertVoltageCalibration()
 .text._ZN11Calibration30externalTemperatureCalibrationEv
                0x00005038       0x44 ..\obj\CalibrationMenus.o
                0x00005038                Calibration::externalTemperatureCalibration()
 .text._ZN11Calibration30internalTemperatureCalibrationEv
                0x0000507c       0x30 ..\obj\CalibrationMenus.o
                0x0000507c                Calibration::internalTemperatureCalibration()
 .text._ZN12TxSoftSerial12disableTxPinEv
                0x000050ac       0x10 ..\obj\TxSoftSerial.o
                0x000050ac                TxSoftSerial::disableTxPin()
 .text._ZN12TxSoftSerial11enableTxPinEv
                0x000050bc       0x24 ..\obj\TxSoftSerial.o
                0x000050bc                TxSoftSerial::enableTxPin()
 .text._ZN12TxSoftSerial10initializeEv
                0x000050e0       0x4c ..\obj\TxSoftSerial.o
                0x000050e0                TxSoftSerial::initialize()
 .text._ZN12TxSoftSerial5beginEm
                0x0000512c       0x40 ..\obj\TxSoftSerial.o
                0x0000512c                TxSoftSerial::begin(unsigned long)
 .text._ZN12TxSoftSerial5writeEh
                0x0000516c       0x2c ..\obj\TxSoftSerial.o
                0x0000516c                TxSoftSerial::write(unsigned char)
 .text._ZN12TxSoftSerial5flushEv
                0x00005198       0x1c ..\obj\TxSoftSerial.o
                0x00005198                TxSoftSerial::flush()
 .text._ZN12TxSoftSerial3endEv
                0x000051b4       0x28 ..\obj\TxSoftSerial.o
                0x000051b4                TxSoftSerial::end()
 .text._ZN12TxSoftSerial10getNewDataEv
                0x000051dc       0x34 ..\obj\TxSoftSerial.o
                0x000051dc                TxSoftSerial::getNewData()
 .text.TMR2_IRQHandler
                0x00005210       0x2c ..\obj\TxSoftSerial.o
                0x00005210                TMR2_IRQHandler
 .text._ZN2IO8pinMode_EPVmh
                0x0000523c       0x6c ..\obj\IO.o
                0x0000523c                IO::pinMode_(unsigned long volatile*, unsigned char)
 .text._ZN5Blink11getBlinkOffEv
                0x000052a8       0x1c ..\obj\Blink.o
                0x000052a8                Blink::getBlinkOff()
 .text._ZN5Blink15getBlinkChangedEv
                0x000052c4       0x24 ..\obj\Blink.o
                0x000052c4                Blink::getBlinkChanged()
 .text._ZN12SettingsMenu11getSelectorEv
                0x000052e8       0x1c ..\obj\SettingsMenu.o
                0x000052e8                SettingsMenu::getSelector()
 .text._ZN12SettingsMenu12editCallbackEPt
                0x00005304       0x10 ..\obj\SettingsMenu.o
                0x00005304                SettingsMenu::editCallback(unsigned short*)
 .text._ZN12SettingsMenu3runEv
                0x00005314       0x78 ..\obj\SettingsMenu.o
                0x00005314                SettingsMenu::run()
 .text._ZN10Resistance14getReadableRthEv
                0x0000538c       0x22 ..\obj\Thevenin.o
                0x0000538c                Resistance::getReadableRth()
 .text._ZN8Thevenin4initEtttb
                0x000053ae       0x40 ..\obj\Thevenin.o
                0x000053ae                Thevenin::init(unsigned short, unsigned short, unsigned short, bool)
 *fill*         0x000053ee        0x2 
 .text._ZNK8Thevenin10calculateIEt
                0x000053f0       0x34 ..\obj\Thevenin.o
                0x000053f0                Thevenin::calculateI(unsigned short) const
 .text._ZN8Thevenin12calculateRthEtt
                0x00005424       0x4c ..\obj\Thevenin.o
                0x00005424                Thevenin::calculateRth(unsigned short, unsigned short)
 .text._ZN8Thevenin12calculateVthEtt
                0x00005470       0x24 ..\obj\Thevenin.o
                0x00005470                Thevenin::calculateVth(unsigned short, unsigned short)
 .text._ZN8Thevenin15calculateRthVthEtt
                0x00005494       0x18 ..\obj\Thevenin.o
                0x00005494                Thevenin::calculateRthVth(unsigned short, unsigned short)
 .text._ZN6Screen5Cycle13displayCyclesEv
                0x000054ac       0x80 ..\obj\ScreenCycle.o
                0x000054ac                Screen::Cycle::displayCycles()
 .text._ZN6Screen5Cycle17resetCycleHistoryEv
                0x0000552c       0x1c ..\obj\ScreenCycle.o
                0x0000552c                Screen::Cycle::resetCycleHistory()
 .text._ZN6Screen5Cycle21storeCycleHistoryInfoEv
                0x00005548       0x28 ..\obj\ScreenCycle.o
                0x00005548                Screen::Cycle::storeCycleHistoryInfo()
 .text.UART0_IRQHandler
                0x00005570       0x60 ..\obj\TxHardSerial.o
                0x00005570                UART0_IRQHandler
 .text._ZN3cpu4initEv
                0x000055d0       0x44 ..\obj\cpu.o
                0x000055d0                cpu::init()
 .text._ZL10__iRestorePh.isra.1
                0x00005614       0x18 ..\obj\AnalogInputsADC.o
 .text._ZN15AnalogInputsADC6setADCEh
                0x0000562c       0x38 ..\obj\AnalogInputsADC.o
                0x0000562c                AnalogInputsADC::setADC(unsigned char)
 .text._ZN15AnalogInputsADC14_setMuxAddressEa
                0x00005664       0x38 ..\obj\AnalogInputsADC.o
                0x00005664                AnalogInputsADC::_setMuxAddress(signed char)
 .text._ZN15AnalogInputsADC25setMuxAddressAndDischargeEa
                0x0000569c       0x4c ..\obj\AnalogInputsADC.o
                0x0000569c                AnalogInputsADC::setMuxAddressAndDischarge(signed char)
 .text.TMR1_IRQHandler
                0x000056e8       0x44 ..\obj\AnalogInputsADC.o
                0x000056e8                TMR1_IRQHandler
 .text._ZN15AnalogInputsADC17setNextMuxAddressEv
                0x0000572c       0x30 ..\obj\AnalogInputsADC.o
                0x0000572c                AnalogInputsADC::setNextMuxAddress()
 .text._ZN15AnalogInputsADC15startConversionEv
                0x0000575c       0x58 ..\obj\AnalogInputsADC.o
                0x0000575c                AnalogInputsADC::startConversion()
 .text._ZN15AnalogInputsADC10initializeEv
                0x000057b4      0x13c ..\obj\AnalogInputsADC.o
                0x000057b4                AnalogInputsADC::initialize()
 .text._ZN15AnalogInputsADC19finalizeMeasurementEv
                0x000058f0       0x58 ..\obj\AnalogInputsADC.o
                0x000058f0                AnalogInputsADC::finalizeMeasurement()
 .text._ZN15AnalogInputsADC14conversionDoneEv
                0x00005948       0x70 ..\obj\AnalogInputsADC.o
                0x00005948                AnalogInputsADC::conversionDone()
 .text.ADC_IRQHandler
                0x000059b8       0x80 ..\obj\AnalogInputsADC.o
                0x000059b8                ADC_IRQHandler
 .text.Default_Handler
                0x00005a38        0x2 ..\obj\startup_NUC029xAN.o
                0x00005a38                GPIOP0P1_IRQHandler
                0x00005a38                HardFault_Handler
                0x00005a38                SysTick_Handler
                0x00005a38                PendSV_Handler
                0x00005a38                NMI_Handler
                0x00005a38                UART1_IRQHandler
                0x00005a38                PS2_IRQHandler
                0x00005a38                USBD_IRQHandler
                0x00005a38                SPI1_IRQHandler
                0x00005a38                I2S_IRQHandler
                0x00005a38                PWRWU_IRQHandler
                0x00005a38                EINT1_IRQHandler
                0x00005a38                BOD_IRQHandler
                0x00005a38                SPI2_IRQHandler
                0x00005a38                I2C_IRQHandler
                0x00005a38                WDT_IRQHandler
                0x00005a38                SVC_Handler
                0x00005a38                PDMA_IRQHandler
                0x00005a38                EINT0_IRQHandler
                0x00005a38                TMR3_IRQHandler
                0x00005a38                SPI0_IRQHandler
                0x00005a38                SPI3_IRQHandler
                0x00005a38                PWMB_IRQHandler
                0x00005a38                GPIOP2P3P4_IRQHandler
 *fill*         0x00005a3a        0x2 
 .text.Default_Reset_Handler
                0x00005a3c       0x44 ..\obj\startup_NUC029xAN.o
                0x00005a3c                Default_Reset_Handler
                0x00005a3c                Reset_Handler
 .text._ZN6Screen7Methods11printChargeEv
                0x00005a80       0x10 ..\obj\ScreenMethods.o
                0x00005a80                Screen::Methods::printCharge()
 .text._ZN6Screen7Methods16printCharAndTimeEv
                0x00005a90       0x4e ..\obj\ScreenMethods.o
                0x00005a90                Screen::Methods::printCharAndTime()
 .text._ZN6Screen7Methods11printDeltaVEv
                0x00005ade       0x10 ..\obj\ScreenMethods.o
                0x00005ade                Screen::Methods::printDeltaV()
 *fill*         0x00005aee        0x2 
 .text._ZN6Screen7Methods11printDeltaTEv
                0x00005af0       0x30 ..\obj\ScreenMethods.o
                0x00005af0                Screen::Methods::printDeltaT()
 .text._ZN6Screen7Methods9printTextEv
                0x00005b20       0x44 ..\obj\ScreenMethods.o
                0x00005b20                Screen::Methods::printText()
 .text._ZN6Screen7Methods18displayFirstScreenEv
                0x00005b64       0x2c ..\obj\ScreenMethods.o
                0x00005b64                Screen::Methods::displayFirstScreen()
 .text._ZN6Screen7Methods16displayCIVlimitsEv
                0x00005b90       0x44 ..\obj\ScreenMethods.o
                0x00005b90                Screen::Methods::displayCIVlimits()
 .text._ZN6Screen7Methods11displayTimeEv
                0x00005bd4       0x48 ..\obj\ScreenMethods.o
                0x00005bd4                Screen::Methods::displayTime()
 .text._ZN6Screen7Methods8displayREv
                0x00005c1c       0x48 ..\obj\ScreenMethods.o
                0x00005c1c                Screen::Methods::displayR()
 .text._ZN6Screen7Methods13displayVinputEv
                0x00005c64       0x40 ..\obj\ScreenMethods.o
                0x00005c64                Screen::Methods::displayVinput()
 .text._ZN6Screen7Methods18displayTemperatureEv
                0x00005ca4       0x20 ..\obj\ScreenMethods.o
                0x00005ca4                Screen::Methods::displayTemperature()
 .text._ZN6Screen7Methods17displayDeltaFirstEv
                0x00005cc4       0x1c ..\obj\ScreenMethods.o
                0x00005cc4                Screen::Methods::displayDeltaFirst()
 .text._ZN6Screen7Methods16displayDeltaVoutEv
                0x00005ce0       0x30 ..\obj\ScreenMethods.o
                0x00005ce0                Screen::Methods::displayDeltaVout()
 .text._ZN6Screen7Methods19displayDeltaTexternEv
                0x00005d10       0x18 ..\obj\ScreenMethods.o
                0x00005d10                Screen::Methods::displayDeltaTextern()
 .text._ZN6Screen7Methods13displayEnergyEv
                0x00005d28       0x4c ..\obj\ScreenMethods.o
                0x00005d28                Screen::Methods::displayEnergy()
 .text._ZN13DelayStrategy8powerOffEv
                0x00005d74        0xc ..\obj\DelayStrategy.o
                0x00005d74                DelayStrategy::powerOff()
 .text._ZN13DelayStrategy7powerOnEv
                0x00005d80       0x10 ..\obj\DelayStrategy.o
                0x00005d80                DelayStrategy::powerOn()
 .text._ZN13DelayStrategy10doStrategyEv
                0x00005d90       0x28 ..\obj\DelayStrategy.o
                0x00005d90                DelayStrategy::doStrategy()
 .text._ZN13DelayStrategy7isDelayEv
                0x00005db8        0xc ..\obj\DelayStrategy.o
                0x00005db8                DelayStrategy::isDelay()
 .text._ZN13DelayStrategy8setDelayEt
                0x00005dc4       0x10 ..\obj\DelayStrategy.o
                0x00005dc4                DelayStrategy::setDelay(unsigned short)
 .text._ZN6Screen8Balancer15getBalanceValueEhN12AnalogInputs4TypeE
                0x00005dd4       0x12 ..\obj\ScreenBalancer.o
                0x00005dd4                Screen::Balancer::getBalanceValue(unsigned char, AnalogInputs::Type)
 *fill*         0x00005de6        0x2 
 .text._ZN6Screen8Balancer13printBalancerEhN12AnalogInputs4TypeE
                0x00005de8       0x44 ..\obj\ScreenBalancer.o
                0x00005de8                Screen::Balancer::printBalancer(unsigned char, AnalogInputs::Type)
 .text._ZN6Screen8Balancer18displayBalanceInfoEhN12AnalogInputs4TypeE
                0x00005e2c       0xc0 ..\obj\ScreenBalancer.o
                0x00005e2c                Screen::Balancer::displayBalanceInfo(unsigned char, AnalogInputs::Type)
 .text._ZN6Screen8Balancer17displayVoltage1_3Ev
                0x00005eec        0xc ..\obj\ScreenBalancer.o
                0x00005eec                Screen::Balancer::displayVoltage1_3()
 .text._ZN6Screen8Balancer17displayVoltage4_6Ev
                0x00005ef8        0xc ..\obj\ScreenBalancer.o
                0x00005ef8                Screen::Balancer::displayVoltage4_6()
 .text._ZN6Screen8Balancer20displayResistance1_3Ev
                0x00005f04        0xc ..\obj\ScreenBalancer.o
                0x00005f04                Screen::Balancer::displayResistance1_3()
 .text._ZN6Screen8Balancer20displayResistance4_6Ev
                0x00005f10        0xc ..\obj\ScreenBalancer.o
                0x00005f10                Screen::Balancer::displayResistance4_6()
 .text._ZN7Program9startInfoEv
                0x00005f1c       0x40 ..\obj\Program.o
                0x00005f1c                Program::startInfo()
 .text._ZN7Program19setupTheveninChargeEv
                0x00005f5c       0x1c ..\obj\Program.o
                0x00005f5c                Program::setupTheveninCharge()
 .text._ZN7Program16setupDeltaChargeEv
                0x00005f78       0x1c ..\obj\Program.o
                0x00005f78                Program::setupDeltaCharge()
 .text._ZN7Program14setupDischargeEv
                0x00005f94       0x1c ..\obj\Program.o
                0x00005f94                Program::setupDischarge()
 .text._ZN7Program22setupPowerSupplyChargeEv
                0x00005fb0       0x1c ..\obj\Program.o
                0x00005fb0                Program::setupPowerSupplyCharge()
 .text._ZN7Program16setupProgramTypeENS_11ProgramTypeE
                0x00005fcc       0x88 ..\obj\Program.o
                0x00005fcc                Program::setupProgramType(Program::ProgramType)
 .text._ZN7Program28resetAccumulatedMeasurementsEv
                0x00006054        0xc ..\obj\Program.o
                0x00006054                Program::resetAccumulatedMeasurements()
 .text._ZN7Program14runWithoutInfoENS_11ProgramTypeE
                0x00006060       0x44 ..\obj\Program.o
                0x00006060                Program::runWithoutInfo(Program::ProgramType)
 .text._ZN7Program24dischargeOutputCapacitorEv
                0x000060a4       0x1a ..\obj\Program.o
                0x000060a4                Program::dischargeOutputCapacitor()
 *fill*         0x000060be        0x2 
 .text._ZN7Program3runENS_11ProgramTypeE
                0x000060c0       0x6c ..\obj\Program.o
                0x000060c0                Program::run(Program::ProgramType)
 .text.FMC_Close
                0x0000612c       0x10 ..\obj\fmc.o
                0x0000612c                FMC_Close
 .text.FMC_Open
                0x0000613c       0x10 ..\obj\fmc.o
                0x0000613c                FMC_Open
 .text._ZN6Buzzer8soundOffEv
                0x0000614c        0xc ..\obj\Buzzer.o
                0x0000614c                Buzzer::soundOff()
 .text._ZN6Buzzer5beginEv
                0x00006158       0x10 ..\obj\Buzzer.o
                0x00006158                Buzzer::begin()
 .text._ZN6Buzzer5soundENS_9SoundTypeE
                0x00006168       0x2c ..\obj\Buzzer.o
                0x00006168                Buzzer::sound(Buzzer::SoundType)
 .text._ZN6Buzzer14soundIfSilenceENS_9SoundTypeE
                0x00006194       0x14 ..\obj\Buzzer.o
                0x00006194                Buzzer::soundIfSilence(Buzzer::SoundType)
 .text._Z4waveih
                0x000061a8       0x1a ..\obj\Buzzer.o
                0x000061a8                wave(int, unsigned char)
 *fill*         0x000061c2        0x2 
 .text._ZN6Buzzer11getKeyboardEt
                0x000061c4       0x20 ..\obj\Buzzer.o
                0x000061c4                Buzzer::getKeyboard(unsigned short)
 .text._ZN6Buzzer9getSelectEt
                0x000061e4       0x30 ..\obj\Buzzer.o
                0x000061e4                Buzzer::getSelect(unsigned short)
 .text._ZN6Buzzer7getInfoEt
                0x00006214       0x14 ..\obj\Buzzer.o
                0x00006214                Buzzer::getInfo(unsigned short)
 .text._ZN6Buzzer7getSaveEt
                0x00006228       0x24 ..\obj\Buzzer.o
                0x00006228                Buzzer::getSave(unsigned short)
 .text._ZN6Buzzer18getProgramCompleteEt
                0x0000624c       0x30 ..\obj\Buzzer.o
                0x0000624c                Buzzer::getProgramComplete(unsigned short)
 .text._ZN6Buzzer19getReversedPolarityEt
                0x0000627c       0x2c ..\obj\Buzzer.o
                0x0000627c                Buzzer::getReversedPolarity(unsigned short)
 .text._ZN6Buzzer8getErrorEt
                0x000062a8       0x30 ..\obj\Buzzer.o
                0x000062a8                Buzzer::getError(unsigned short)
 .text._ZN6Buzzer8getSoundEt
                0x000062d8       0x58 ..\obj\Buzzer.o
                0x000062d8                Buzzer::getSound(unsigned short)
 .text._ZN6Buzzer6doIdleEv
                0x00006330       0x28 ..\obj\Buzzer.o
                0x00006330                Buzzer::doIdle()
 .text._ZN6eeprom13testOrRestoreEPttb
                0x00006358       0x38 ..\obj\eeprom.o
                0x00006358                eeprom::testOrRestore(unsigned short*, unsigned short, bool)
 .text._ZN6eeprom6getCRCEPht
                0x00006390       0x40 ..\obj\eeprom.o
                0x00006390                eeprom::getCRC(unsigned char*, unsigned short)
 .text._ZN6eeprom16testOrRestoreCRCEPhtb
                0x000063d0       0x18 ..\obj\eeprom.o
                0x000063d0                eeprom::testOrRestoreCRC(unsigned char*, unsigned short, bool)
 .text._ZN6eeprom21restoreCalibrationCRCEb
                0x000063e8       0x14 ..\obj\eeprom.o
                0x000063e8                eeprom::restoreCalibrationCRC(bool)
 .text._ZN6eeprom21restoreProgramDataCRCEb
                0x000063fc       0x18 ..\obj\eeprom.o
                0x000063fc                eeprom::restoreProgramDataCRC(bool)
 .text._ZN6eeprom18restoreSettingsCRCEb
                0x00006414       0x1c ..\obj\eeprom.o
                0x00006414                eeprom::restoreSettingsCRC(bool)
 .text._ZN6eeprom13testOrRestoreEh
                0x00006430       0xf8 ..\obj\eeprom.o
                0x00006430                eeprom::testOrRestore(unsigned char)
 .text._ZN6eeprom14restoreDefaultEh
                0x00006528       0x34 ..\obj\eeprom.o
                0x00006528                eeprom::restoreDefault(unsigned char)
 .text._ZN6eeprom5checkEv
                0x0000655c       0x18 ..\obj\eeprom.o
                0x0000655c                eeprom::check()
 .text._ZN6eeprom14restoreDefaultEv
                0x00006574       0x14 ..\obj\eeprom.o
                0x00006574                eeprom::restoreDefault()
 .text          0x00006588       0x14 c:/program files (x86)/gnu tools arm embedded/4.9 2015q1/bin/../lib/gcc/arm-none-eabi/4.9.3/armv6-m\libgcc.a(_thumb1_case_uqi.o)
                0x00006588                __gnu_thumb1_case_uqi
 .text          0x0000659c      0x120 c:/program files (x86)/gnu tools arm embedded/4.9 2015q1/bin/../lib/gcc/arm-none-eabi/4.9.3/armv6-m\libgcc.a(_udivsi3.o)
                0x0000659c                __aeabi_uidiv
                0x0000659c                __udivsi3
                0x000066a8                __aeabi_uidivmod
 .text          0x000066bc      0x1e0 c:/program files (x86)/gnu tools arm embedded/4.9 2015q1/bin/../lib/gcc/arm-none-eabi/4.9.3/armv6-m\libgcc.a(_divsi3.o)
                0x000066bc                __divsi3
                0x000066bc                __aeabi_idiv
                0x00006888                __aeabi_idivmod
 .text          0x0000689c        0x4 c:/program files (x86)/gnu tools arm embedded/4.9 2015q1/bin/../lib/gcc/arm-none-eabi/4.9.3/armv6-m\libgcc.a(_dvmd_tls.o)
                0x0000689c                __aeabi_idiv0
                0x0000689c                __aeabi_ldiv0
 .text.exit     0x000068a0       0x20 c:/program files (x86)/gnu tools arm embedded/4.9 2015q1/bin/../lib/gcc/arm-none-eabi/4.9.3/../../../../arm-none-eabi/lib/armv6-m\libg.a(lib_a-exit.o)
                0x000068a0                exit
 .text.__libc_init_array
                0x000068c0       0x48 c:/program files (x86)/gnu tools arm embedded/4.9 2015q1/bin/../lib/gcc/arm-none-eabi/4.9.3/../../../../arm-none-eabi/lib/armv6-m\libg.a(lib_a-init.o)
                0x000068c0                __libc_init_array
 .text.memcpy   0x00006908       0x7c c:/program files (x86)/gnu tools arm embedded/4.9 2015q1/bin/../lib/gcc/arm-none-eabi/4.9.3/../../../../arm-none-eabi/lib/armv6-m\libg.a(lib_a-memcpy.o)
                0x00006908                memcpy
 .text.memset   0x00006984       0x8c c:/program files (x86)/gnu tools arm embedded/4.9 2015q1/bin/../lib/gcc/arm-none-eabi/4.9.3/../../../../arm-none-eabi/lib/armv6-m\libg.a(lib_a-memset.o)
                0x00006984                memset
 .text.strlen   0x00006a10       0x68 c:/program files (x86)/gnu tools arm embedded/4.9 2015q1/bin/../lib/gcc/arm-none-eabi/4.9.3/../../../../arm-none-eabi/lib/armv6-m\libg.a(lib_a-strlen.o)
                0x00006a10                strlen
 .text.startup.register_fini
                0x00006a78       0x18 c:/program files (x86)/gnu tools arm embedded/4.9 2015q1/bin/../lib/gcc/arm-none-eabi/4.9.3/../../../../arm-none-eabi/lib/armv6-m\libg.a(lib_a-__call_atexit.o)
 .text.__call_exitprocs
                0x00006a90      0x108 c:/program files (x86)/gnu tools arm embedded/4.9 2015q1/bin/../lib/gcc/arm-none-eabi/4.9.3/../../../../arm-none-eabi/lib/armv6-m\libg.a(lib_a-__call_atexit.o)
                0x00006a90                __call_exitprocs
 .text.atexit   0x00006b98       0x10 c:/program files (x86)/gnu tools arm embedded/4.9 2015q1/bin/../lib/gcc/arm-none-eabi/4.9.3/../../../../arm-none-eabi/lib/armv6-m\libg.a(lib_a-atexit.o)
                0x00006b98                atexit
 .text.__libc_fini_array
                0x00006ba8       0x34 c:/program files (x86)/gnu tools arm embedded/4.9 2015q1/bin/../lib/gcc/arm-none-eabi/4.9.3/../../../../arm-none-eabi/lib/armv6-m\libg.a(lib_a-fini.o)
                0x00006ba8                __libc_fini_array
 .text.__register_exitproc
                0x00006bdc       0xd4 c:/program files (x86)/gnu tools arm embedded/4.9 2015q1/bin/../lib/gcc/arm-none-eabi/4.9.3/../../../../arm-none-eabi/lib/armv6-m\libg.a(lib_a-__atexit.o)
                0x00006bdc                __register_exitproc
 *(.init)
 .init          0x00006cb0        0x4 c:/program files (x86)/gnu tools arm embedded/4.9 2015q1/bin/../lib/gcc/arm-none-eabi/4.9.3/armv6-m/crti.o
                0x00006cb0                _init
 .init          0x00006cb4        0x8 c:/program files (x86)/gnu tools arm embedded/4.9 2015q1/bin/../lib/gcc/arm-none-eabi/4.9.3/armv6-m/crtn.o
 *(.fini)
 .fini          0x00006cbc        0x4 c:/program files (x86)/gnu tools arm embedded/4.9 2015q1/bin/../lib/gcc/arm-none-eabi/4.9.3/armv6-m/crti.o
                0x00006cbc                _fini
 .fini          0x00006cc0        0x8 c:/program files (x86)/gnu tools arm embedded/4.9 2015q1/bin/../lib/gcc/arm-none-eabi/4.9.3/armv6-m/crtn.o
 *crtbegin.o(.ctors)
 *crtbegin?.o(.ctors)
 *(EXCLUDE_FILE(*crtend.o *crtend?.o) .ctors)
 *(SORT(.ctors.*))
 *(.ctors)
 *crtbegin.o(.dtors)
 *crtbegin?.o(.dtors)
 *(EXCLUDE_FILE(*crtend.o *crtend?.o) .dtors)
 *(SORT(.dtors.*))
 *(.dtors)
 *(.rodata*)
 .rodata        0x00006cc8       0x13 ..\obj\ScreenStartInfo.o
 .rodata.str1.1
                0x00006cdb        0x3 ..\obj\ScreenStartInfo.o
 *fill*         0x00006cde        0x2 
 .rodata        0x00006ce0        0xc ..\obj\TheveninDischargeStrategy.o
                0x00006ce0                TheveninDischargeStrategy::vtable
 .rodata        0x00006cec        0xe ..\obj\SerialLog.o
 *fill*         0x00006cfa        0x2 
 .rodata        0x00006cfc       0x10 ..\obj\LiquidCrystal.o
 .rodata        0x00006d0c        0xc ..\obj\TheveninChargeStrategy.o
                0x00006d0c                TheveninChargeStrategy::vtable
 .rodata        0x00006d18       0x20 ..\obj\timer.o
 .rodata        0x00006d38        0xc ..\obj\DeltaChargeStrategy.o
                0x00006d38                DeltaChargeStrategy::vtable
 .rodata        0x00006d44      0x290 ..\obj\ProgramDataMenu.o
 .rodata        0x00006fd4      0x44f ..\obj\strings.o
                0x00006fd4                Calibration::string_ev_menu_minusVoltagePin
                0x00006fdc                Calibration::string_ev_menu_plusVoltagePin
                0x00006fe3                Calibration::string_ev_menu_cell2pin
                0x00006feb                Calibration::string_ev_menu_cell1pin
                0x00006ff3                Calibration::string_ev_menu_cell0pin
                0x00006ffb                Calibration::string_t_menu_adc
                0x00007000                Calibration::string_t_menu_temperature
                0x00007006                Calibration::string_tp_menu_point1
                0x0000700f                Calibration::string_tp_menu_point0
                0x00007018                Calibration::string_i_menu_expected
                0x00007020                Calibration::string_i_menu_output
                0x00007023                Calibration::string_i_menu_value
                0x0000702a                Calibration::string_menu_point
                0x00007035                Calibration::string_v_menu_output
                0x0000703b                Calibration::string_v_menu_cellSum
                0x00007041                Calibration::string_v_menu_cell8
                0x00007046                Calibration::string_v_menu_cell7